 win32_handmade

 Timestamp is 5f379150 (Sat Aug 15 02:40:00 2020)

 Preferred load address is 0000000140000000

 Start         Length     Name                   Class
 0001:00000000 0000d680H .text$mn                CODE
 0001:0000d680 00000040H .text$mn$00             CODE
 0001:0000d6c0 00000290H .text$x                 CODE
 0002:00000000 000002b8H .idata$5                DATA
 0002:000002b8 00000028H .00cfg                  DATA
 0002:000002e0 00000008H .CRT$XCA                DATA
 0002:000002e8 00000008H .CRT$XCAA               DATA
 0002:000002f0 00000008H .CRT$XCZ                DATA
 0002:000002f8 00000008H .CRT$XIA                DATA
 0002:00000300 00000008H .CRT$XIAA               DATA
 0002:00000308 00000008H .CRT$XIAC               DATA
 0002:00000310 00000018H .CRT$XIC                DATA
 0002:00000328 00000008H .CRT$XIZ                DATA
 0002:00000330 00000008H .CRT$XPA                DATA
 0002:00000338 00000010H .CRT$XPX                DATA
 0002:00000348 00000008H .CRT$XPXA               DATA
 0002:00000350 00000008H .CRT$XPZ                DATA
 0002:00000358 00000008H .CRT$XTA                DATA
 0002:00000360 00000010H .CRT$XTZ                DATA
 0002:00000368 00000000H .gehcont$y              DATA
 0002:00000368 00000000H .gfids$y                DATA
 0002:00000370 00007a20H .rdata                  DATA
 0002:00007d90 00000000H .rdata$r                DATA
 0002:00007d90 000002d8H .rdata$zzzdbg           DATA
 0002:00008068 00000008H .rtc$IAA                DATA
 0002:00008070 00000008H .rtc$IZZ                DATA
 0002:00008078 00000008H .rtc$TAA                DATA
 0002:00008080 00000008H .rtc$TZZ                DATA
 0002:00008088 00000b98H .xdata                  DATA
 0002:00008c20 00000000H .xdata$x                DATA
 0002:00008c20 00000000H .edata                  DATA
 0002:00008c20 0000003cH .idata$2                DATA
 0002:00008c5c 00000014H .idata$3                DATA
 0002:00008c70 000002b8H .idata$4                DATA
 0002:00008f28 0000061aH .idata$6                DATA
 0003:00000000 00000a00H .data                   DATA
 0003:00000a00 00000000H .data$r                 DATA
 0003:00000a00 00001230H .bss                    DATA
 0004:00000000 00000e1cH .pdata                  DATA
 0005:00000000 00000094H _RDATA                  DATA

  Address         Publics by Value              Rva+Base               Lib:Object

 0000:00000000       __hybrid_code_map          0000000000000000     <absolute>
 0000:00000000       __hybrid_code_map_count    0000000000000000     <absolute>
 0000:00000000       __guard_fids_count         0000000000000000     <absolute>
 0000:00000000       __guard_iat_count          0000000000000000     <absolute>
 0000:00000000       __guard_eh_cont_count      0000000000000000     <absolute>
 0000:00000000       __arm64x_native_entrypoint 0000000000000000     <absolute>
 0000:00000000       __volatile_metadata        0000000000000000     <absolute>
 0000:00000000       __arm64x_redirection_metadata_count 0000000000000000     <absolute>
 0000:00000000       __guard_longjmp_count      0000000000000000     <absolute>
 0000:00000000       __guard_longjmp_table      0000000000000000     <absolute>
 0000:00000000       __arm64x_redirection_metadata 0000000000000000     <absolute>
 0000:00000000       __guard_iat_table          0000000000000000     <absolute>
 0000:00000000       __dynamic_value_reloc_table 0000000000000000     <absolute>
 0000:00000000       __x64_code_ranges_to_entry_points 0000000000000000     <absolute>
 0000:00000000       __x64_code_ranges_to_entry_points_count 0000000000000000     <absolute>
 0000:00000000       __guard_eh_cont_table      0000000000000000     <absolute>
 0000:00000000       ___safe_se_handler_count   0000000000000000     <absolute>
 0000:00000000       __enclave_config           0000000000000000     <absolute>
 0000:00000000       __arm64x_extra_rfe_table   0000000000000000     <absolute>
 0000:00000000       __AbsoluteZero             0000000000000000     <absolute>
 0000:00000000       ___safe_se_handler_table   0000000000000000     <absolute>
 0000:00000000       __arm64x_extra_rfe_table_size 0000000000000000     <absolute>
 0000:00000000       __guard_fids_table         0000000000000000     <absolute>
 0000:00000000       __hybrid_auxiliary_iat     0000000000000000     <absolute>
 0000:00000100       __guard_flags              0000000000000100     <absolute>
 0000:00000000       __ImageBase                0000000140000000     <linker-defined>
 0001:000005e0       WinMain                    00000001400015e0 f   win32_handmade.obj
 0001:00001100       ?XInputGetStateStub@@YAKKPEAU_XINPUT_STATE@@@Z 0000000140002100 f   win32_handmade.obj
 0001:00001120       ?XInputSetStateStub@@YAKKPEAU_XINPUT_VIBRATION@@@Z 0000000140002120 f   win32_handmade.obj
 0001:00001f50       ?SafeTruncateUInt64@@YAI_K@Z 0000000140002f50 f i win32_handmade.obj
 0001:00001f80       __GSHandlerCheck           0000000140002f80 f   LIBCMT:gshandler.obj
 0001:00001fa0       __GSHandlerCheckCommon     0000000140002fa0 f   LIBCMT:gshandler.obj
 0001:00002010       __security_check_cookie    0000000140003010 f   LIBCMT:amdsecgs.obj
 0001:0000228c       WinMainCRTStartup          000000014000328c f   LIBCMT:exe_winmain.obj
 0001:000022a0       __raise_securityfailure    00000001400032a0 f   LIBCMT:gs_report.obj
 0001:000022d4       __report_gsfailure         00000001400032d4 f   LIBCMT:gs_report.obj
 0001:000023a8       __report_rangecheckfailure 00000001400033a8 f   LIBCMT:gs_report.obj
 0001:000023bc       __report_securityfailure   00000001400033bc f   LIBCMT:gs_report.obj
 0001:0000253c       __scrt_acquire_startup_lock 000000014000353c f   LIBCMT:utility.obj
 0001:00002578       __scrt_initialize_crt      0000000140003578 f   LIBCMT:utility.obj
 0001:000025c4       __scrt_initialize_onexit_tables 00000001400035c4 f   LIBCMT:utility.obj
 0001:00002650       __scrt_is_nonwritable_in_current_image 0000000140003650 f   LIBCMT:utility.obj
 0001:000026e8       __scrt_release_startup_lock 00000001400036e8 f   LIBCMT:utility.obj
 0001:0000270c       __scrt_uninitialize_crt    000000014000370c f   LIBCMT:utility.obj
 0001:00002738       _onexit                    0000000140003738 f   LIBCMT:utility.obj
 0001:00002774       atexit                     0000000140003774 f   LIBCMT:utility.obj
 0001:0000278c       __security_init_cookie     000000014000378c f   LIBCMT:gs_support.obj
 0001:00002838       _get_startup_new_mode      0000000140003838 f   LIBCMT:new_mode.obj
 0001:00002838       __scrt_exe_initialize_mta  0000000140003838 f   LIBCMT:utility_desktop.obj
 0001:00002838       _get_startup_thread_locale_mode 0000000140003838 f   LIBCMT:thread_locale.obj
 0001:00002838       __scrt_initialize_winrt    0000000140003838 f   LIBCMT:utility_desktop.obj
 0001:00002838       _get_startup_commit_mode   0000000140003838 f   LIBCMT:commit_mode.obj
 0001:00002838       _matherr                   0000000140003838 f   LIBCMT:matherr.obj
 0001:00002838       __scrt_stub_for_initialize_mta 0000000140003838 f   LIBCMT:utility_desktop.obj
 0001:0000283c       _get_startup_argv_mode     000000014000383c f   LIBCMT:argv_mode.obj
 0001:00002844       _get_startup_file_mode     0000000140003844 f   LIBCMT:file_mode.obj
 0001:0000284c       ?__scrt_initialize_type_info@@YAXXZ 000000014000384c f   LIBCMT:tncleanup.obj
 0001:0000285c       _should_initialize_environment 000000014000385c f   LIBCMT:env_mode.obj
 0001:0000285c       __acrt_uninitialize_command_line 000000014000385c f   libucrt:argv_data.obj
 0001:00002860       _initialize_denormal_control 0000000140003860 f   LIBCMT:denormal_control.obj
 0001:00002860       _initialize_invalid_parameter_handler 0000000140003860 f   LIBCMT:invalid_parameter_handler.obj
 0001:00002860       _guard_check_icall_nop     0000000140003860 f   LIBCMT:guard_support.obj
 0001:00002864       __local_stdio_printf_options 0000000140003864 f i LIBCMT:default_local_stdio_options.obj
 0001:0000286c       __local_stdio_scanf_options 000000014000386c f i LIBCMT:default_local_stdio_options.obj
 0001:00002874       __scrt_initialize_default_local_stdio_options 0000000140003874 f   LIBCMT:default_local_stdio_options.obj
 0001:00002890       __scrt_is_user_matherr_present 0000000140003890 f   LIBCMT:matherr_detection.obj
 0001:0000289c       __scrt_get_dyn_tls_init_callback 000000014000389c f   LIBCMT:dyn_tls_init.obj
 0001:000028a4       __scrt_get_dyn_tls_dtor_callback 00000001400038a4 f   LIBCMT:dyn_tls_dtor.obj
 0001:000028ac       __crt_debugger_hook        00000001400038ac f   LIBCMT:utility_desktop.obj
 0001:000028b4       __scrt_fastfail            00000001400038b4 f   LIBCMT:utility_desktop.obj
 0001:00002a00       __scrt_get_show_window_mode 0000000140003a00 f   LIBCMT:utility_desktop.obj
 0001:00002a3c       __scrt_initialize_mta      0000000140003a3c f   LIBCMT:utility_desktop.obj
 0001:00002a44       __scrt_is_managed_app      0000000140003a44 f   LIBCMT:utility_desktop.obj
 0001:00002a98       __scrt_set_unhandled_exception_filter 0000000140003a98 f   LIBCMT:utility_desktop.obj
 0001:00002aa8       __scrt_unhandled_exception_filter 0000000140003aa8 f   LIBCMT:utility_desktop.obj
 0001:00002b04       _RTC_Initialize            0000000140003b04 f   LIBCMT:initsect.obj
 0001:00002b40       _RTC_Terminate             0000000140003b40 f   LIBCMT:initsect.obj
 0001:00002b7c       __isa_available_init       0000000140003b7c f   LIBCMT:cpu_disp.obj
 0001:00002d20       __scrt_is_ucrt_dll_in_use  0000000140003d20 f   LIBCMT:ucrt_detection.obj
 0001:00002d30       IsProcessorFeaturePresent  0000000140003d30 f   kernel32:KERNEL32.dll
 0001:00002d38       __C_specific_handler       0000000140003d38 f   libvcruntime:riscchandler.obj
 0001:00002f44       __vcrt_initialize          0000000140003f44 f   libvcruntime:initialization.obj
 0001:00002f6c       __vcrt_uninitialize        0000000140003f6c f   libvcruntime:initialization.obj
 0001:00002f88       __DestructExceptionObject  0000000140003f88 f   libvcruntime:ehhelpers.obj
 0001:00002ff8       ?_CallMemberFunction0@@YAXQEAX0@Z 0000000140003ff8 f i libvcruntime:ehhelpers.obj
 0001:00002ffc       __current_exception        0000000140003ffc f   libvcruntime:ehhelpers.obj
 0001:00003010       __current_exception_context 0000000140004010 f   libvcruntime:ehhelpers.obj
 0001:00003040       memset_repmovs             0000000140004040 f   libvcruntime:memset.obj
 0001:00003060       memset                     0000000140004060 f   libvcruntime:memset.obj
 0001:00003200       _NLG_Notify                0000000140004200 f   libvcruntime:notify.obj
 0001:00003220       __NLG_Dispatch2            0000000140004220 f   libvcruntime:notify.obj
 0001:00003230       __NLG_Return2              0000000140004230 f   libvcruntime:notify.obj
 0001:00003234       __except_validate_context_record 0000000140004234 f   libvcruntime:jbcxrval.obj
 0001:0000326c       __vcrt_freefls             000000014000426c f   libvcruntime:per_thread_data.obj
 0001:0000328c       __vcrt_getptd              000000014000428c f   libvcruntime:per_thread_data.obj
 0001:000032a8       __vcrt_getptd_noexit       00000001400042a8 f   libvcruntime:per_thread_data.obj
 0001:00003368       __vcrt_initialize_ptd      0000000140004368 f   libvcruntime:per_thread_data.obj
 0001:000033b0       __vcrt_uninitialize_ptd    00000001400043b0 f   libvcruntime:per_thread_data.obj
 0001:000033d4       __vcrt_initialize_locks    00000001400043d4 f   libvcruntime:locks.obj
 0001:00003408       __vcrt_uninitialize_locks  0000000140004408 f   libvcruntime:locks.obj
 0001:0000358c       __vcrt_FlsAlloc            000000014000458c f   libvcruntime:winapi_downlevel.obj
 0001:000035d4       __vcrt_FlsFree             00000001400045d4 f   libvcruntime:winapi_downlevel.obj
 0001:0000361c       __vcrt_FlsGetValue         000000014000461c f   libvcruntime:winapi_downlevel.obj
 0001:00003664       __vcrt_FlsSetValue         0000000140004664 f   libvcruntime:winapi_downlevel.obj
 0001:000036b8       __vcrt_InitializeCriticalSectionEx 00000001400046b8 f   libvcruntime:winapi_downlevel.obj
 0001:00003730       memcpy_repmovs             0000000140004730 f   libvcruntime:memcpy.obj
 0001:00003750       memcpy                     0000000140004750 f   libvcruntime:memcpy.obj
 0001:00003750       memmove                    0000000140004750 f   libvcruntime:memcpy.obj
 0001:00003b40       _CallSettingFrame          0000000140004b40 f   libvcruntime:handlers.obj
 0001:00003b90       _CallSettingFrame_LookupContinuationIndex 0000000140004b90 f   libvcruntime:handlers.obj
 0001:00003bc0       _CallSettingFrame_NotifyContinuationAddr 0000000140004bc0 f   libvcruntime:handlers.obj
 0001:00003bf0       _CallSettingFrameEncoded   0000000140004bf0 f   libvcruntime:handlers.obj
 0001:00003c40       sinf                       0000000140004c40 f   libucrt:sinf.obj
 0001:00004338       _seh_filter_exe            0000000140005338 f   libucrt:exception_filter.obj
 0001:000044bc       _query_app_type            00000001400054bc f   libucrt:report_runtime_error.obj
 0001:000044c4       _set_app_type              00000001400054c4 f   libucrt:report_runtime_error.obj
 0001:000044cc       __acrt_has_user_matherr    00000001400054cc f   libucrt:matherr.obj
 0001:000044ec       __acrt_initialize_user_matherr 00000001400054ec f   libucrt:matherr.obj
 0001:000044f4       __acrt_invoke_user_matherr 00000001400054f4 f   libucrt:matherr.obj
 0001:00004524       __setusermatherr           0000000140005524 f   libucrt:matherr.obj
 0001:00004710       __acrt_allocate_buffer_for_argv 0000000140005710 f   libucrt:argv_parsing.obj
 0001:00004770       _configure_narrow_argv     0000000140005770 f   libucrt:argv_parsing.obj
 0001:00004ae8       __dcrt_uninitialize_environments_nolock 0000000140005ae8 f   libucrt:environment_initialization.obj
 0001:00004b20       _initialize_narrow_environment 0000000140005b20 f   libucrt:environment_initialization.obj
 0001:00004b28       _get_narrow_winmain_command_line 0000000140005b28 f   libucrt:argv_winmain.obj
 0001:00004b98       _initterm                  0000000140005b98 f   libucrt:initterm.obj
 0001:00004bfc       _initterm_e                0000000140005bfc f   libucrt:initterm.obj
 0001:00004ea8       __acrt_initialize_thread_local_exit_callback 0000000140005ea8 f   libucrt:exit.obj
 0001:00004eb0       _c_exit                    0000000140005eb0 f   libucrt:exit.obj
 0001:00004ec0       _cexit                     0000000140005ec0 f   libucrt:exit.obj
 0001:00004ed0       _exit                      0000000140005ed0 f   libucrt:exit.obj
 0001:00004edc       _register_thread_local_exe_atexit_callback 0000000140005edc f   libucrt:exit.obj
 0001:00004f18       exit                       0000000140005f18 f   libucrt:exit.obj
 0001:00004f24       _set_fmode                 0000000140005f24 f   libucrt:setmode.obj
 0001:00004fd4       __acrt_set_locale_changed  0000000140005fd4 f   libucrt:wsetlocale.obj
 0001:00004fe0       __acrt_uninitialize_locale 0000000140005fe0 f   libucrt:wsetlocale.obj
 0001:00005010       _configthreadlocale        0000000140006010 f   libucrt:wsetlocale.obj
 0001:0000507c       _query_new_mode            000000014000607c f   libucrt:new_mode.obj
 0001:00005084       _set_new_mode              0000000140006084 f   libucrt:new_mode.obj
 0001:000050b0       __p__commode               00000001400060b0 f   libucrt:ncommode.obj
 0001:000053f8       _crt_atexit                00000001400063f8 f   libucrt:onexit.obj
 0001:00005408       _execute_onexit_table      0000000140006408 f   libucrt:onexit.obj
 0001:00005444       _initialize_onexit_table   0000000140006444 f   libucrt:onexit.obj
 0001:0000546c       _register_onexit_function  000000014000646c f   libucrt:onexit.obj
 0001:000055e0       __acrt_initialize          00000001400065e0 f   libucrt:initialization.obj
 0001:000055f4       __acrt_uninitialize        00000001400065f4 f   libucrt:initialization.obj
 0001:0000562c       terminate                  000000014000662c f   libucrt:terminate.obj
 0001:0000564c       free                       000000014000664c f   libucrt:free.obj
 0001:00005660       strcpy_s                   0000000140006660 f   libucrt:strcpy_s.obj
 0001:000056c0       abort                      00000001400066c0 f   libucrt:abort.obj
 0001:00005718       calloc                     0000000140006718 f   libucrt:calloc.obj
 0001:00005720       ??0_LocaleUpdate@@QEAA@QEAU__crt_locale_pointers@@@Z 0000000140006720 f i libucrt:output.obj
 0001:000057d0       strncmp                    00000001400067d0 f   libucrt:strncmp.obj
 0001:00005850       wcsncmp                    0000000140006850 f   libucrt:wcsncmp.obj
 0001:00005880       __acrt_initialize_fma3     0000000140006880 f   libucrt:fma3_available.obj
 0001:000058f0       __remainder_piby2d2f_forC  00000001400068f0 f   libucrt:remainder_piby2f_forc.obj
 0001:00005b08       _sinf_special              0000000140006b08 f   libucrt:sincos_special.obj
 0001:00005e94       __acrt_getptd              0000000140006e94 f   libucrt:per_thread_data.obj
 0001:00005f68       __acrt_getptd_head         0000000140006f68 f   libucrt:per_thread_data.obj
 0001:00006010       __acrt_getptd_noexit       0000000140007010 f   libucrt:per_thread_data.obj
 0001:000060dc       __acrt_initialize_ptd      00000001400070dc f   libucrt:per_thread_data.obj
 0001:00006118       __acrt_uninitialize_ptd    0000000140007118 f   libucrt:per_thread_data.obj
 0001:0000613c       __acrt_call_reportfault    000000014000713c f   libucrt:invalid_parameter.obj
 0001:00006298       __acrt_initialize_invalid_parameter_handler 0000000140007298 f   libucrt:invalid_parameter.obj
 0001:000062a0       _invalid_parameter         00000001400072a0 f   libucrt:invalid_parameter.obj
 0001:00006350       _invalid_parameter_noinfo  0000000140007350 f   libucrt:invalid_parameter.obj
 0001:00006370       _invoke_watson             0000000140007370 f   libucrt:invalid_parameter.obj
 0001:000063b8       __acrt_errno_from_os_error 00000001400073b8 f   libucrt:errno.obj
 0001:00006400       __acrt_errno_map_os_error  0000000140007400 f   libucrt:errno.obj
 0001:00006450       __doserrno                 0000000140007450 f   libucrt:errno.obj
 0001:00006470       _errno                     0000000140007470 f   libucrt:errno.obj
 0001:00006490       _calloc_base               0000000140007490 f   libucrt:calloc_base.obj
 0001:00006508       _free_base                 0000000140007508 f   libucrt:free_base.obj
 0001:0000655c       ??$__acrt_mbs_to_wcs_cp@U__crt_win32_buffer_internal_dynamic_resizing@@@@YAHQEBDAEAV?$__crt_win32_buffer@_WU__crt_win32_buffer_internal_dynamic_resizing@@@@I@Z 000000014000755c f i libucrt:argv_wildcards.obj
 0001:000066d4       ??$__acrt_wcs_to_mbs_cp@U__crt_win32_buffer_internal_dynamic_resizing@@@@YAHQEB_WAEAV?$__crt_win32_buffer@DU__crt_win32_buffer_internal_dynamic_resizing@@@@I@Z 00000001400076d4 f i libucrt:argv_wildcards.obj
 0001:00006f04       __acrt_expand_narrow_argv_wildcards 0000000140007f04 f   libucrt:argv_wildcards.obj
 0001:00006f0c       ??$__acrt_wcs_to_mbs_cp@U__crt_win32_buffer_no_resizing@@@@YAHQEB_WAEAV?$__crt_win32_buffer@DU__crt_win32_buffer_no_resizing@@@@I@Z 0000000140007f0c f i libucrt:getmodulefilenamea.obj
 0001:00007020       __acrt_GetModuleFileNameA  0000000140008020 f   libucrt:getmodulefilenamea.obj
 0001:0000786c       __acrt_initialize_multibyte 000000014000886c f   libucrt:mbctype.obj
 0001:000078cc       __acrt_update_thread_multibyte_data 00000001400088cc f   libucrt:mbctype.obj
 0001:000078e8       _setmbcp_nolock            00000001400088e8 f   libucrt:mbctype.obj
 0001:00007c1c       _ismbblead                 0000000140008c1c f   libucrt:ismbbyte.obj
 0001:00007c30       __acrt_initialize_command_line 0000000140008c30 f   libucrt:argv_data.obj
 0001:00007c58       __acrt_MultiByteToWideChar 0000000140008c58 f   libucrt:multibytetowidechar.obj
 0001:00007cb4       __acrt_WideCharToMultiByte 0000000140008cb4 f   libucrt:widechartomultibyte.obj
 0001:00007d4c       __dcrt_get_narrow_environment_from_os 0000000140008d4c f   libucrt:get_environment_from_os.obj
 0001:00007e50       __acrt_initialize_locks    0000000140008e50 f   libucrt:locks.obj
 0001:00007e98       __acrt_lock                0000000140008e98 f   libucrt:locks.obj
 0001:00007eb4       __acrt_uninitialize_locks  0000000140008eb4 f   libucrt:locks.obj
 0001:00007eec       __acrt_unlock              0000000140008eec f   libucrt:locks.obj
 0001:00007f08       __acrt_get_process_end_policy 0000000140008f08 f   libucrt:win_policies.obj
 0001:00007f44       __acrt_lowio_create_handle_array 0000000140008f44 f   libucrt:osfinfo.obj
 0001:00007fec       __acrt_lowio_destroy_handle_array 0000000140008fec f   libucrt:osfinfo.obj
 0001:0000803c       __acrt_lowio_ensure_fh_exists 000000014000903c f   libucrt:osfinfo.obj
 0001:000080e4       __acrt_lowio_lock_fh       00000001400090e4 f   libucrt:osfinfo.obj
 0001:0000810c       __acrt_lowio_unlock_fh     000000014000910c f   libucrt:osfinfo.obj
 0001:00008134       _free_osfhnd               0000000140009134 f   libucrt:osfinfo.obj
 0001:000081f0       _get_osfhandle             00000001400091f0 f   libucrt:osfinfo.obj
 0001:00008464       __acrt_initialize_lowio    0000000140009464 f   libucrt:ioinit.obj
 0001:000084a0       __acrt_uninitialize_lowio  00000001400094a0 f   libucrt:ioinit.obj
 0001:000084e0       __acrt_locale_free_monetary 00000001400094e0 f   libucrt:initmon.obj
 0001:000085ec       __acrt_locale_free_numeric 00000001400095ec f   libucrt:initnum.obj
 0001:000086b0       __acrt_locale_free_time    00000001400096b0 f   libucrt:inittime.obj
 0001:000087b8       __pctype_func              00000001400097b8 f   libucrt:ctype.obj
 0001:000087e8       _malloc_base               00000001400097e8 f   libucrt:malloc_base.obj
 0001:00008848       __acrt_GetStringTypeA      0000000140009848 f   libucrt:getstringtypea.obj
 0001:000089d8       __acrt_add_locale_ref      00000001400099d8 f   libucrt:locale_refcounting.obj
 0001:00008a64       __acrt_free_locale         0000000140009a64 f   libucrt:locale_refcounting.obj
 0001:00008bdc       __acrt_locale_add_lc_time_reference 0000000140009bdc f   libucrt:locale_refcounting.obj
 0001:00008c04       __acrt_locale_free_lc_time_if_unreferenced 0000000140009c04 f   libucrt:locale_refcounting.obj
 0001:00008c3c       __acrt_locale_release_lc_time_reference 0000000140009c3c f   libucrt:locale_refcounting.obj
 0001:00008c64       __acrt_release_locale_ref  0000000140009c64 f   libucrt:locale_refcounting.obj
 0001:00008d0c       __acrt_update_thread_locale_data 0000000140009d0c f   libucrt:locale_refcounting.obj
 0001:00008d7c       _updatetlocinfoEx_nolock   0000000140009d7c f   libucrt:locale_refcounting.obj
 0001:00008fbc       __acrt_AppPolicyGetProcessTerminationMethodInternal 0000000140009fbc f   libucrt:winapi_thunks.obj
 0001:0000900c       __acrt_AreFileApisANSI     000000014000a00c f   libucrt:winapi_thunks.obj
 0001:00009048       __acrt_FlsAlloc            000000014000a048 f   libucrt:winapi_thunks.obj
 0001:00009090       __acrt_FlsFree             000000014000a090 f   libucrt:winapi_thunks.obj
 0001:000090d8       __acrt_FlsGetValue         000000014000a0d8 f   libucrt:winapi_thunks.obj
 0001:00009120       __acrt_FlsSetValue         000000014000a120 f   libucrt:winapi_thunks.obj
 0001:00009174       __acrt_InitializeCriticalSectionEx 000000014000a174 f   libucrt:winapi_thunks.obj
 0001:000091d8       __acrt_LCMapStringEx       000000014000a1d8 f   libucrt:winapi_thunks.obj
 0001:000092b4       __acrt_LocaleNameToLCID    000000014000a2b4 f   libucrt:winapi_thunks.obj
 0001:00009304       __acrt_initialize_winapi_thunks 000000014000a304 f   libucrt:winapi_thunks.obj
 0001:00009338       __acrt_uninitialize_winapi_thunks 000000014000a338 f   libucrt:winapi_thunks.obj
 0001:0000937c       _recalloc_base             000000014000a37c f   libucrt:recalloc.obj
 0001:00009414       __acrt_initialize_heap     000000014000a414 f   libucrt:heap_handle.obj
 0001:00009430       __acrt_uninitialize_heap   000000014000a430 f   libucrt:heap_handle.obj
 0001:0000943c       __acrt_execute_initializers 000000014000a43c f   libucrt:shared_initialization.obj
 0001:000094bc       __acrt_execute_uninitializers 000000014000a4bc f   libucrt:shared_initialization.obj
 0001:000094f8       __acrt_initialize_new_handler 000000014000a4f8 f   libucrt:new_handler.obj
 0001:00009500       _callnewh                  000000014000a500 f   libucrt:new_handler.obj
 0001:00009530       _query_new_handler         000000014000a530 f   libucrt:new_handler.obj
 0001:000095ac       __acrt_get_sigabrt_handler 000000014000a5ac f   libucrt:signal.obj
 0001:000095dc       __acrt_initialize_signal_handlers 000000014000a5dc f   libucrt:signal.obj
 0001:000095fc       raise                      000000014000a5fc f   libucrt:signal.obj
 0001:00009a44       __acrt_stdio_flush_nolock  000000014000aa44 f   libucrt:fflush.obj
 0001:00009ac0       _fflush_nolock             000000014000aac0 f   libucrt:fflush.obj
 0001:00009b0c       _flushall                  000000014000ab0c f   libucrt:fflush.obj
 0001:00009b14       __acrt_initialize_stdio    000000014000ab14 f   libucrt:_file.obj
 0001:00009c34       __acrt_uninitialize_stdio  000000014000ac34 f   libucrt:_file.obj
 0001:00009c90       _lock_file                 000000014000ac90 f   libucrt:_file.obj
 0001:00009c9c       _unlock_file               000000014000ac9c f   libucrt:_file.obj
 0001:00009ca8       _mbtowc_l                  000000014000aca8 f   libucrt:mbtowc.obj
 0001:00009e24       mbtowc                     000000014000ae24 f   libucrt:mbtowc.obj
 0001:00009e2c       __acrt_update_locale_info  000000014000ae2c f   libucrt:locale_update.obj
 0001:00009e60       __acrt_update_multibyte_info 000000014000ae60 f   libucrt:locale_update.obj
 0001:00009e94       _fileno                    000000014000ae94 f   libucrt:fileno.obj
 0001:00009fe0       _handle_error              000000014000afe0 f   libucrt:libm_error.obj
 0001:0000a108       _handle_errorf             000000014000b108 f   libucrt:libm_error.obj
 0001:0000a240       qsort                      000000014000b240 f   libucrt:qsort.obj
 0001:0000a600       strncpy_s                  000000014000b600 f   libucrt:strncpy_s.obj
 0001:0000a780       strpbrk                    000000014000b780 f   libucrt:strpbrk.obj
 0001:0000ab60       _mbsdec                    000000014000bb60 f   libucrt:mbsdec.obj
 0001:0000ab68       _mbsdec_l                  000000014000bb68 f   libucrt:mbsdec.obj
 0001:0000af14       __acrt_LCMapStringA        000000014000bf14 f   libucrt:lcmapstringa.obj
 0001:0000b0ac       __acrt_DownlevelLocaleNameToLCID 000000014000c0ac f   libucrt:lcidtoname_downlevel.obj
 0001:0000b0e0       _msize_base                000000014000c0e0 f   libucrt:msize.obj
 0001:0000b11c       _realloc_base              000000014000c11c f   libucrt:realloc_base.obj
 0001:0000b224       _commit                    000000014000c224 f   libucrt:commit.obj
 0001:0000bb24       _write                     000000014000cb24 f   libucrt:write.obj
 0001:0000bc10       _write_nolock              000000014000cc10 f   libucrt:write.obj
 0001:0000beec       _fcloseall                 000000014000ceec f   libucrt:closeall.obj
 0001:0000bfa0       __acrt_stdio_free_buffer_nolock 000000014000cfa0 f   libucrt:_freebuf.obj
 0001:0000bfe0       _isatty                    000000014000cfe0 f   libucrt:isatty.obj
 0001:0000c040       _isleadbyte_l              000000014000d040 f i libucrt:_wctype.obj
 0001:0000c08c       ?__mbrtowc_utf8@__crt_mbstring@@YA_KPEA_WPEBD_KPEAU_Mbstatet@@@Z 000000014000d08c f   libucrt:mbrtowc.obj
 0001:0000c0c8       ?__mbsrtowcs_utf8@__crt_mbstring@@YA_KPEA_WPEAPEBD_KPEAU_Mbstatet@@@Z 000000014000d0c8 f   libucrt:mbrtowc.obj
 0001:0000c240       _raise_exc                 000000014000d240 f   libucrt:fpexcept.obj
 0001:0000c268       _raise_exc_ex              000000014000d268 f   libucrt:fpexcept.obj
 0001:0000c578       _raise_excf                000000014000d578 f   libucrt:fpexcept.obj
 0001:0000c5a4       _set_errno_from_matherr    000000014000d5a4 f   libucrt:fpexcept.obj
 0001:0000c5d4       _clrfp                     000000014000d5d4 f   libucrt:fpctrl.obj
 0001:0000c5f4       _ctrlfp                    000000014000d5f4 f   libucrt:fpctrl.obj
 0001:0000c670       _set_statfp                000000014000d670 f   libucrt:fpctrl.obj
 0001:0000c690       _statfp                    000000014000d690 f   libucrt:fpctrl.obj
 0001:0000c6a4       __strncnt                  000000014000d6a4 f   libucrt:strncnt.obj
 0001:0000c758       _lseeki64_nolock           000000014000d758 f   libucrt:lseek.obj
 0001:0000c760       _putwch_nolock             000000014000d760 f   libucrt:putwch.obj
 0001:0000c79c       _fclose_nolock             000000014000d79c f   libucrt:fclose.obj
 0001:0000c820       fclose                     000000014000d820 f   libucrt:fclose.obj
 0001:0000c884       ?__mbrtoc32_utf8@__crt_mbstring@@YA_KPEA_UPEBD_KPEAU_Mbstatet@@@Z 000000014000d884 f   libucrt:mbrtoc32.obj
 0001:0000ca60       log10                      000000014000da60 f   libucrt:log10.obj
 0001:0000d020       _get_fpsr                  000000014000e020 f   libucrt:fpsr.obj
 0001:0000d030       _set_fpsr                  000000014000e030 f   libucrt:fpsr.obj
 0001:0000d03a       _fclrf                     000000014000e03a f   libucrt:fpsr.obj
 0001:0000d04e       _frnd                      000000014000e04e f   libucrt:fpsr.obj
 0001:0000d070       __dcrt_lowio_ensure_console_output_initialized 000000014000e070 f   libucrt:initcon.obj
 0001:0000d0c4       __dcrt_terminate_console_output 000000014000e0c4 f   libucrt:initcon.obj
 0001:0000d0e0       __dcrt_write_console       000000014000e0e0 f   libucrt:initcon.obj
 0001:0000d214       _close                     000000014000e214 f   libucrt:close.obj
 0001:0000d2b8       _close_nolock              000000014000e2b8 f   libucrt:close.obj
 0001:0000d378       ?__acrt_stdio_free_stream@@YAXV__crt_stdio_stream@@@Z 000000014000e378 f   libucrt:stream.obj
 0001:0000d3a0       _log10_special             000000014000e3a0 f   libucrt:log_special.obj
 0001:0000d460       _FindPESection             000000014000e460 f   LIBCMT:pesect.obj
 0001:0000d4b0       _IsNonwritableInCurrentImage 000000014000e4b0 f   LIBCMT:pesect.obj
 0001:0000d500       _ValidateImageBase         000000014000e500 f   LIBCMT:pesect.obj
 0001:0000d540       __chkstk                   000000014000e540 f   LIBCMT:chkstk.obj
 0001:0000d540       _alloca_probe              000000014000e540 f   LIBCMT:chkstk.obj
 0001:0000d5b0       memcmp                     000000014000e5b0 f   libvcruntime:memcmp.obj
 0001:0000d690       _guard_dispatch_icall_nop  000000014000e690 f   LIBCMT:guard_dispatch.obj
 0001:0000d6b0       _guard_xfg_dispatch_icall_nop 000000014000e6b0 f   LIBCMT:guard_xfg_dispatch.obj
 0002:00000000       __imp_StretchDIBits        000000014000f000     Gdi32:GDI32.dll
 0002:00000008       \177GDI32_NULL_THUNK_DATA  000000014000f008     Gdi32:GDI32.dll
 0002:00000010       __imp_CreateFileW          000000014000f010     kernel32:KERNEL32.dll
 0002:00000018       __imp_SetFilePointerEx     000000014000f018     kernel32:KERNEL32.dll
 0002:00000020       __imp_GetConsoleMode       000000014000f020     kernel32:KERNEL32.dll
 0002:00000028       __imp_WriteConsoleW        000000014000f028     kernel32:KERNEL32.dll
 0002:00000030       __imp_FlushFileBuffers     000000014000f030     kernel32:KERNEL32.dll
 0002:00000038       __imp_HeapReAlloc          000000014000f038     kernel32:KERNEL32.dll
 0002:00000040       __imp_HeapSize             000000014000f040     kernel32:KERNEL32.dll
 0002:00000048       __imp_GetConsoleCP         000000014000f048     kernel32:KERNEL32.dll
 0002:00000050       __imp_TlsSetValue          000000014000f050     kernel32:KERNEL32.dll
 0002:00000058       __imp_CreateFileA          000000014000f058     kernel32:KERNEL32.dll
 0002:00000060       __imp_GetFileSizeEx        000000014000f060     kernel32:KERNEL32.dll
 0002:00000068       __imp_ReadFile             000000014000f068     kernel32:KERNEL32.dll
 0002:00000070       __imp_WriteFile            000000014000f070     kernel32:KERNEL32.dll
 0002:00000078       __imp_OutputDebugStringA   000000014000f078     kernel32:KERNEL32.dll
 0002:00000080       __imp_CloseHandle          000000014000f080     kernel32:KERNEL32.dll
 0002:00000088       __imp_QueryPerformanceCounter 000000014000f088     kernel32:KERNEL32.dll
 0002:00000090       __imp_QueryPerformanceFrequency 000000014000f090     kernel32:KERNEL32.dll
 0002:00000098       __imp_VirtualAlloc         000000014000f098     kernel32:KERNEL32.dll
 0002:000000a0       __imp_VirtualFree          000000014000f0a0     kernel32:KERNEL32.dll
 0002:000000a8       __imp_GetProcAddress       000000014000f0a8     kernel32:KERNEL32.dll
 0002:000000b0       __imp_LoadLibraryA         000000014000f0b0     kernel32:KERNEL32.dll
 0002:000000b8       __imp_RtlCaptureContext    000000014000f0b8     kernel32:KERNEL32.dll
 0002:000000c0       __imp_RtlLookupFunctionEntry 000000014000f0c0     kernel32:KERNEL32.dll
 0002:000000c8       __imp_RtlVirtualUnwind     000000014000f0c8     kernel32:KERNEL32.dll
 0002:000000d0       __imp_UnhandledExceptionFilter 000000014000f0d0     kernel32:KERNEL32.dll
 0002:000000d8       __imp_SetUnhandledExceptionFilter 000000014000f0d8     kernel32:KERNEL32.dll
 0002:000000e0       __imp_GetCurrentProcess    000000014000f0e0     kernel32:KERNEL32.dll
 0002:000000e8       __imp_TerminateProcess     000000014000f0e8     kernel32:KERNEL32.dll
 0002:000000f0       __imp_IsProcessorFeaturePresent 000000014000f0f0     kernel32:KERNEL32.dll
 0002:000000f8       __imp_GetCurrentProcessId  000000014000f0f8     kernel32:KERNEL32.dll
 0002:00000100       __imp_GetCurrentThreadId   000000014000f100     kernel32:KERNEL32.dll
 0002:00000108       __imp_GetSystemTimeAsFileTime 000000014000f108     kernel32:KERNEL32.dll
 0002:00000110       __imp_InitializeSListHead  000000014000f110     kernel32:KERNEL32.dll
 0002:00000118       __imp_IsDebuggerPresent    000000014000f118     kernel32:KERNEL32.dll
 0002:00000120       __imp_GetStartupInfoW      000000014000f120     kernel32:KERNEL32.dll
 0002:00000128       __imp_GetModuleHandleW     000000014000f128     kernel32:KERNEL32.dll
 0002:00000130       __imp_GetProcessHeap       000000014000f130     kernel32:KERNEL32.dll
 0002:00000138       __imp_RtlUnwindEx          000000014000f138     kernel32:KERNEL32.dll
 0002:00000140       __imp_GetLastError         000000014000f140     kernel32:KERNEL32.dll
 0002:00000148       __imp_SetLastError         000000014000f148     kernel32:KERNEL32.dll
 0002:00000150       __imp_EnterCriticalSection 000000014000f150     kernel32:KERNEL32.dll
 0002:00000158       __imp_LeaveCriticalSection 000000014000f158     kernel32:KERNEL32.dll
 0002:00000160       __imp_DeleteCriticalSection 000000014000f160     kernel32:KERNEL32.dll
 0002:00000168       __imp_InitializeCriticalSectionAndSpinCount 000000014000f168     kernel32:KERNEL32.dll
 0002:00000170       __imp_TlsAlloc             000000014000f170     kernel32:KERNEL32.dll
 0002:00000178       __imp_TlsGetValue          000000014000f178     kernel32:KERNEL32.dll
 0002:00000180       __imp_TlsFree              000000014000f180     kernel32:KERNEL32.dll
 0002:00000188       __imp_FreeLibrary          000000014000f188     kernel32:KERNEL32.dll
 0002:00000190       __imp_LoadLibraryExW       000000014000f190     kernel32:KERNEL32.dll
 0002:00000198       __imp_RaiseException       000000014000f198     kernel32:KERNEL32.dll
 0002:000001a0       __imp_GetStdHandle         000000014000f1a0     kernel32:KERNEL32.dll
 0002:000001a8       __imp_GetModuleFileNameW   000000014000f1a8     kernel32:KERNEL32.dll
 0002:000001b0       __imp_ExitProcess          000000014000f1b0     kernel32:KERNEL32.dll
 0002:000001b8       __imp_GetModuleHandleExW   000000014000f1b8     kernel32:KERNEL32.dll
 0002:000001c0       __imp_HeapAlloc            000000014000f1c0     kernel32:KERNEL32.dll
 0002:000001c8       __imp_HeapFree             000000014000f1c8     kernel32:KERNEL32.dll
 0002:000001d0       __imp_FindClose            000000014000f1d0     kernel32:KERNEL32.dll
 0002:000001d8       __imp_FindFirstFileExW     000000014000f1d8     kernel32:KERNEL32.dll
 0002:000001e0       __imp_FindNextFileW        000000014000f1e0     kernel32:KERNEL32.dll
 0002:000001e8       __imp_IsValidCodePage      000000014000f1e8     kernel32:KERNEL32.dll
 0002:000001f0       __imp_GetACP               000000014000f1f0     kernel32:KERNEL32.dll
 0002:000001f8       __imp_GetOEMCP             000000014000f1f8     kernel32:KERNEL32.dll
 0002:00000200       __imp_GetCPInfo            000000014000f200     kernel32:KERNEL32.dll
 0002:00000208       __imp_GetCommandLineA      000000014000f208     kernel32:KERNEL32.dll
 0002:00000210       __imp_GetCommandLineW      000000014000f210     kernel32:KERNEL32.dll
 0002:00000218       __imp_MultiByteToWideChar  000000014000f218     kernel32:KERNEL32.dll
 0002:00000220       __imp_WideCharToMultiByte  000000014000f220     kernel32:KERNEL32.dll
 0002:00000228       __imp_GetEnvironmentStringsW 000000014000f228     kernel32:KERNEL32.dll
 0002:00000230       __imp_FreeEnvironmentStringsW 000000014000f230     kernel32:KERNEL32.dll
 0002:00000238       __imp_SetStdHandle         000000014000f238     kernel32:KERNEL32.dll
 0002:00000240       __imp_GetFileType          000000014000f240     kernel32:KERNEL32.dll
 0002:00000248       __imp_GetStringTypeW       000000014000f248     kernel32:KERNEL32.dll
 0002:00000250       __imp_LCMapStringW         000000014000f250     kernel32:KERNEL32.dll
 0002:00000258       \177KERNEL32_NULL_THUNK_DATA 000000014000f258     kernel32:KERNEL32.dll
 0002:00000260       __imp_DispatchMessageA     000000014000f260     user32:USER32.dll
 0002:00000268       __imp_GetClientRect        000000014000f268     user32:USER32.dll
 0002:00000270       __imp_EndPaint             000000014000f270     user32:USER32.dll
 0002:00000278       __imp_BeginPaint           000000014000f278     user32:USER32.dll
 0002:00000280       __imp_GetDC                000000014000f280     user32:USER32.dll
 0002:00000288       __imp_CreateWindowExA      000000014000f288     user32:USER32.dll
 0002:00000290       __imp_RegisterClassA       000000014000f290     user32:USER32.dll
 0002:00000298       __imp_DefWindowProcA       000000014000f298     user32:USER32.dll
 0002:000002a0       __imp_PeekMessageA         000000014000f2a0     user32:USER32.dll
 0002:000002a8       __imp_TranslateMessage     000000014000f2a8     user32:USER32.dll
 0002:000002b0       \177USER32_NULL_THUNK_DATA 000000014000f2b0     user32:USER32.dll
 0002:000002b8       __guard_check_icall_fptr   000000014000f2b8     LIBCMT:guard_support.obj
 0002:000002c0       __guard_xfg_check_icall_fptr 000000014000f2c0     LIBCMT:guard_support.obj
 0002:000002c8       __guard_dispatch_icall_fptr 000000014000f2c8     LIBCMT:guard_support.obj
 0002:000002d0       __guard_xfg_dispatch_icall_fptr 000000014000f2d0     LIBCMT:guard_support.obj
 0002:000002d8       __guard_xfg_table_dispatch_icall_fptr 000000014000f2d8     LIBCMT:guard_support.obj
 0002:000002e0       __xc_a                     000000014000f2e0     LIBCMT:initializers.obj
 0002:000002f0       __xc_z                     000000014000f2f0     LIBCMT:initializers.obj
 0002:000002f8       __xi_a                     000000014000f2f8     LIBCMT:initializers.obj
 0002:00000310       __acrt_tran_fma3_initializer 000000014000f310     libucrt:fma3_initializer.obj
 0002:00000318       __acrt_multibyte_initializer 000000014000f318     libucrt:multibyte_initializer.obj
 0002:00000320       __acrt_stdio_initializer   000000014000f320     libucrt:stdio_initializer.obj
 0002:00000328       __xi_z                     000000014000f328     LIBCMT:initializers.obj
 0002:00000330       __xp_a                     000000014000f330     LIBCMT:initializers.obj
 0002:00000338       __acrt_locale_terminator   000000014000f338     libucrt:locale_initializer.obj
 0002:00000340       __dcrt_console_output_terminator 000000014000f340     libucrt:console_output_initializer.obj
 0002:00000348       __acrt_stdio_terminator    000000014000f348     libucrt:stdio_initializer.obj
 0002:00000350       __xp_z                     000000014000f350     LIBCMT:initializers.obj
 0002:00000358       __xt_a                     000000014000f358     LIBCMT:initializers.obj
 0002:00000360       __xt_z                     000000014000f360     LIBCMT:initializers.obj
 0002:0000052c       __real@40800000            000000014000f52c     win32_handmade.obj
 0002:00000530       __real@408f400000000000    000000014000f530     win32_handmade.obj
 0002:00000538       __real@40c90fdb            000000014000f538     win32_handmade.obj
 0002:0000053c       __real@43000000            000000014000f53c     win32_handmade.obj
 0002:00000540       __real@46fffe00            000000014000f540     win32_handmade.obj
 0002:00000544       __real@47000000            000000014000f544     win32_handmade.obj
 0002:00000548       __real@49742400            000000014000f548     win32_handmade.obj
 0002:00000560       __xmm@ffffffffffffffffffffffffffffffff 000000014000f560     LIBCMT:utility.obj
 0002:00000570       _pDestructExceptionObject  000000014000f570     libvcruntime:ehhelpers.obj
 0002:00000c80       ??_C@_08EHJDFFNH@__based?$CI@ 000000014000fc80     libvcruntime:undname.obj
 0002:00000c90       ??_C@_07KOLFKCDI@__cdecl@  000000014000fc90     libvcruntime:undname.obj
 0002:00000c98       ??_C@_08GHMPAG@__pascal@   000000014000fc98     libvcruntime:undname.obj
 0002:00000ca8       ??_C@_09IFJBGAPI@__stdcall@ 000000014000fca8     libvcruntime:undname.obj
 0002:00000cb8       ??_C@_0L@NPHFGOKO@__thiscall@ 000000014000fcb8     libvcruntime:undname.obj
 0002:00000cc8       ??_C@_0L@JMKHOMEK@__fastcall@ 000000014000fcc8     libvcruntime:undname.obj
 0002:00000cd8       ??_C@_0N@BCKKPABJ@__vectorcall@ 000000014000fcd8     libvcruntime:undname.obj
 0002:00000ce8       ??_C@_09HIJEGCPM@__clrcall@ 000000014000fce8     libvcruntime:undname.obj
 0002:00000cf4       ??_C@_06GHPCKEAG@__eabi@   000000014000fcf4     libvcruntime:undname.obj
 0002:00000d00       ??_C@_09IOPIDJLG@__swift_1@ 000000014000fd00     libvcruntime:undname.obj
 0002:00000d10       ??_C@_09KFNFGKHF@__swift_2@ 000000014000fd10     libvcruntime:undname.obj
 0002:00000d20       ??_C@_07JOMMBBKO@__ptr64@  000000014000fd20     libvcruntime:undname.obj
 0002:00000d28       ??_C@_0L@PILCLIHE@__restrict@ 000000014000fd28     libvcruntime:undname.obj
 0002:00000d38       ??_C@_0M@GFIIJFMG@__unaligned@ 000000014000fd38     libvcruntime:undname.obj
 0002:00000d48       ??_C@_09DHDLOLLB@restrict?$CI@ 000000014000fd48     libvcruntime:undname.obj
 0002:00000d52       ??_C@_00CNPNBAHC@@         000000014000fd52     libvcruntime:undname.obj
 0002:00000d54       ??_C@_04NIHEBCM@?5new@     000000014000fd54     libvcruntime:undname.obj
 0002:00000d60       ??_C@_07FPCDHGMM@?5delete@ 000000014000fd60     libvcruntime:undname.obj
 0002:00000d68       ??_C@_01NEMOKFLO@?$DN@     000000014000fd68     libvcruntime:undname.obj
 0002:00000d6c       ??_C@_02GPIOPFAK@?$DO?$DO@ 000000014000fd6c     libvcruntime:undname.obj
 0002:00000d70       ??_C@_02FODMEDOG@?$DM?$DM@ 000000014000fd70     libvcruntime:undname.obj
 0002:00000d74       ??_C@_01DCLJPIOD@?$CB@     000000014000fd74     libvcruntime:undname.obj
 0002:00000d78       ??_C@_02EGOFBIJA@?$DN?$DN@ 000000014000fd78     libvcruntime:undname.obj
 0002:00000d7c       ??_C@_02FDNJECIE@?$CB?$DN@ 000000014000fd7c     libvcruntime:undname.obj
 0002:00000d80       ??_C@_02GPECMEKF@?$FL?$FN@ 000000014000fd80     libvcruntime:undname.obj
 0002:00000d88       ??_C@_08LHJFAFGD@operator@ 000000014000fd88     libvcruntime:undname.obj
 0002:00000d94       ??_C@_02HBOOOICD@?9?$DO@   000000014000fd94     libvcruntime:undname.obj
 0002:00000d98       ??_C@_01NBENCBCI@?$CK@     000000014000fd98     libvcruntime:undname.obj
 0002:00000d9c       ??_C@_02ECNGHCIF@?$CL?$CL@ 000000014000fd9c     libvcruntime:undname.obj
 0002:00000da0       ??_C@_02BAABKJLB@?9?9@     000000014000fda0     libvcruntime:undname.obj
 0002:00000da4       ??_C@_01JOAMLHOP@?9@       000000014000fda4     libvcruntime:undname.obj
 0002:00000da8       ??_C@_01MIFGBAGJ@?$CL@     000000014000fda8     libvcruntime:undname.obj
 0002:00000dac       ??_C@_01HNPIGOCE@?$CG@     000000014000fdac     libvcruntime:undname.obj
 0002:00000db0       ??_C@_03MNHNFDLC@?9?$DO?$CK@ 000000014000fdb0     libvcruntime:undname.obj
 0002:00000db4       ??_C@_01KMDKNFGN@?1@       000000014000fdb4     libvcruntime:undname.obj
 0002:00000db8       ??_C@_01FGNFDNOH@?$CF@     000000014000fdb8     libvcruntime:undname.obj
 0002:00000dbc       ??_C@_01MNNFJEPP@?$DM@     000000014000fdbc     libvcruntime:undname.obj
 0002:00000dc0       ??_C@_02EHCHHCKH@?$DM?$DN@ 000000014000fdc0     libvcruntime:undname.obj
 0002:00000dc4       ??_C@_01PPODPGHN@?$DO@     000000014000fdc4     libvcruntime:undname.obj
 0002:00000dc8       ??_C@_02EEKDKGMJ@?$DO?$DN@ 000000014000fdc8     libvcruntime:undname.obj
 0002:00000dcc       ??_C@_01IHBHIGKO@?0@       000000014000fdcc     libvcruntime:undname.obj
 0002:00000dd0       ??_C@_02HCKGKOFO@?$CI?$CJ@ 000000014000fdd0     libvcruntime:undname.obj
 0002:00000dd4       ??_C@_01PJKLJHI@?$HO@      000000014000fdd4     libvcruntime:undname.obj
 0002:00000dd8       ??_C@_01JKBOJNNK@?$FO@     000000014000fdd8     libvcruntime:undname.obj
 0002:00000ddc       ??_C@_01DNKMNLPK@?$HM@     000000014000fddc     libvcruntime:undname.obj
 0002:00000de0       ??_C@_02PPKAJPJL@?$CG?$CG@ 000000014000fde0     libvcruntime:undname.obj
 0002:00000de4       ??_C@_02NONPIBCD@?$HM?$HM@ 000000014000fde4     libvcruntime:undname.obj
 0002:00000de8       ??_C@_02FPIMKNGF@?$CK?$DN@ 000000014000fde8     libvcruntime:undname.obj
 0002:00000dec       ??_C@_02FOEOMHFC@?$CL?$DN@ 000000014000fdec     libvcruntime:undname.obj
 0002:00000df0       ??_C@_02FKMDLLOA@?9?$DN@   000000014000fdf0     libvcruntime:undname.obj
 0002:00000df4       ??_C@_02FJEHGPIO@?1?$DN@   000000014000fdf4     libvcruntime:undname.obj
 0002:00000df8       ??_C@_02FENAOKFI@?$CF?$DN@ 000000014000fdf8     libvcruntime:undname.obj
 0002:00000dfc       ??_C@_03IKFCCPFF@?$DO?$DO?$DN@ 000000014000fdfc     libvcruntime:undname.obj
 0002:00000e00       ??_C@_03CDNPDDLA@?$DM?$DM?$DN@ 000000014000fe00     libvcruntime:undname.obj
 0002:00000e04       ??_C@_02FGJGFEAB@?$CG?$DN@ 000000014000fe04     libvcruntime:undname.obj
 0002:00000e08       ??_C@_02DHLNPPGH@?$HM?$DN@ 000000014000fe08     libvcruntime:undname.obj
 0002:00000e0c       ??_C@_02MHEGNOJ@?$FO?$DN@  000000014000fe0c     libvcruntime:undname.obj
 0002:00000e10       ??_C@_09IFPLHPGF@?$GAvftable?8@ 000000014000fe10     libvcruntime:undname.obj
 0002:00000e20       ??_C@_09BLBHBJP@?$GAvbtable?8@ 000000014000fe20     libvcruntime:undname.obj
 0002:00000e30       ??_C@_07FEEIOKP@?$GAvcall?8@ 000000014000fe30     libvcruntime:undname.obj
 0002:00000e38       ??_C@_08LLFFHHDJ@?$GAtypeof?8@ 000000014000fe38     libvcruntime:undname.obj
 0002:00000e48       ??_C@_0BF@KDPPACIK@?$GAlocal?5static?5guard?8@ 000000014000fe48     libvcruntime:undname.obj
 0002:00000e60       ??_C@_08OBABFOLI@?$GAstring?8@ 000000014000fe60     libvcruntime:undname.obj
 0002:00000e70       ??_C@_0BD@JDLKDPAB@?$GAvbase?5destructor?8@ 000000014000fe70     libvcruntime:undname.obj
 0002:00000e88       ??_C@_0BN@DEGPLNFK@?$GAvector?5deleting?5destructor?8@ 000000014000fe88     libvcruntime:undname.obj
 0002:00000ea8       ??_C@_0BO@OBMKPJIG@?$GAdefault?5constructor?5closure?8@ 000000014000fea8     libvcruntime:undname.obj
 0002:00000ec8       ??_C@_0BN@IMDCHIKM@?$GAscalar?5deleting?5destructor?8@ 000000014000fec8     libvcruntime:undname.obj
 0002:00000ee8       ??_C@_0BO@PFGOCPJJ@?$GAvector?5constructor?5iterator?8@ 000000014000fee8     libvcruntime:undname.obj
 0002:00000f08       ??_C@_0BN@LFPFMEDL@?$GAvector?5destructor?5iterator?8@ 000000014000ff08     libvcruntime:undname.obj
 0002:00000f28       ??_C@_0CE@IKBNEHA@?$GAvector?5vbase?5constructor?5itera@ 000000014000ff28     libvcruntime:undname.obj
 0002:00000f50       ??_C@_0BL@NILFHHPC@?$GAvirtual?5displacement?5map?8@ 000000014000ff50     libvcruntime:undname.obj
 0002:00000f70       ??_C@_0CB@JONCMFFK@?$GAeh?5vector?5constructor?5iterator@ 000000014000ff70     libvcruntime:undname.obj
 0002:00000f98       ??_C@_0CA@GCEOPDGL@?$GAeh?5vector?5destructor?5iterator?8@ 000000014000ff98     libvcruntime:undname.obj
 0002:00000fb8       ??_C@_0CH@OOJPLCPH@?$GAeh?5vector?5vbase?5constructor?5it@ 000000014000ffb8     libvcruntime:undname.obj
 0002:00000fe0       ??_C@_0BL@LLKPOHJI@?$GAcopy?5constructor?5closure?8@ 000000014000ffe0     libvcruntime:undname.obj
 0002:00001000       ??_C@_0BA@KBCDOMBN@?$GAudt?5returning?8@ 0000000140010000     libvcruntime:undname.obj
 0002:00001010       ??_C@_03KLGMFNMG@?$GAEH@   0000000140010010     libvcruntime:undname.obj
 0002:00001014       ??_C@_05KHLCHHI@?$GARTTI@  0000000140010014     libvcruntime:undname.obj
 0002:00001020       ??_C@_0BA@KKLDJDLB@?$GAlocal?5vftable?8@ 0000000140010020     libvcruntime:undname.obj
 0002:00001030       ??_C@_0CE@IIHCMGGL@?$GAlocal?5vftable?5constructor?5clos@ 0000000140010030     libvcruntime:undname.obj
 0002:00001054       ??_C@_06FHBGPFGH@?5new?$FL?$FN@ 0000000140010054     libvcruntime:undname.obj
 0002:00001060       ??_C@_09LBNFPBCA@?5delete?$FL?$FN@ 0000000140010060     libvcruntime:undname.obj
 0002:00001070       ??_C@_0P@HJKNJFNN@?$GAomni?5callsig?8@ 0000000140010070     libvcruntime:undname.obj
 0002:00001080       ??_C@_0BL@CNOONJFP@?$GAplacement?5delete?5closure?8@ 0000000140010080     libvcruntime:undname.obj
 0002:000010a0       ??_C@_0BN@CKNJLHMB@?$GAplacement?5delete?$FL?$FN?5closure?8@ 00000001400100a0     libvcruntime:undname.obj
 0002:000010c0       ??_C@_0CG@CFDHKGGD@?$GAmanaged?5vector?5constructor?5ite@ 00000001400100c0     libvcruntime:undname.obj
 0002:000010e8       ??_C@_0CF@IMGKMJNO@?$GAmanaged?5vector?5destructor?5iter@ 00000001400100e8     libvcruntime:undname.obj
 0002:00001110       ??_C@_0CG@HLDDJMAG@?$GAeh?5vector?5copy?5constructor?5ite@ 0000000140010110     libvcruntime:undname.obj
 0002:00001138       ??_C@_0CM@FCBBDIGB@?$GAeh?5vector?5vbase?5copy?5construct@ 0000000140010138     libvcruntime:undname.obj
 0002:00001168       ??_C@_0BL@CLIPGLGB@?$GAdynamic?5initializer?5for?5?8@ 0000000140010168     libvcruntime:undname.obj
 0002:00001188       ??_C@_0CB@PDBIFEP@?$GAdynamic?5atexit?5destructor?5for?5@ 0000000140010188     libvcruntime:undname.obj
 0002:000011b0       ??_C@_0CD@CGAJBKEJ@?$GAvector?5copy?5constructor?5iterat@ 00000001400101b0     libvcruntime:undname.obj
 0002:000011d8       ??_C@_0CJ@GJELGAMM@?$GAvector?5vbase?5copy?5constructor?5@ 00000001400101d8     libvcruntime:undname.obj
 0002:00001208       ??_C@_0CL@FGIJHLCE@?$GAmanaged?5vector?5copy?5constructo@ 0000000140010208     libvcruntime:undname.obj
 0002:00001238       ??_C@_0BM@PMGGMLDN@?$GAlocal?5static?5thread?5guard?8@ 0000000140010238     libvcruntime:undname.obj
 0002:00001258       ??_C@_0N@BDNMDMOL@operator?5?$CC?$CC?5@ 0000000140010258     libvcruntime:undname.obj
 0002:00001268       ??_C@_0BC@GGEBGALA@operator?5co_await@ 0000000140010268     libvcruntime:undname.obj
 0002:00001280       ??_C@_0M@GAAIMMOH@operator?$DM?$DN?$DO@ 0000000140010280     libvcruntime:undname.obj
 0002:00001290       ??_C@_0BC@DAFEJGAK@?5Type?5Descriptor?8@ 0000000140010290     libvcruntime:undname.obj
 0002:000012a8       ??_C@_0BM@LDKODKLH@?5Base?5Class?5Descriptor?5at?5?$CI@ 00000001400102a8     libvcruntime:undname.obj
 0002:000012c8       ??_C@_0BD@LGICGFMM@?5Base?5Class?5Array?8@ 00000001400102c8     libvcruntime:undname.obj
 0002:000012e0       ??_C@_0BN@MECKDCOJ@?5Class?5Hierarchy?5Descriptor?8@ 00000001400102e0     libvcruntime:undname.obj
 0002:00001300       ??_C@_0BK@CFCOFLF@?5Complete?5Object?5Locator?8@ 0000000140010300     libvcruntime:undname.obj
 0002:00001320       ??_C@_0BG@JNJLAMPM@?$GAanonymous?5namespace?8@ 0000000140010320     libvcruntime:undname.obj
 0002:00001350       ??_C@_1DM@KHCHBNEB@?$AAa?$AAp?$AAi?$AA?9?$AAm?$AAs?$AA?9?$AAw?$AAi?$AAn?$AA?9?$AAc?$AAo?$AAr?$AAe@ 0000000140010350     libvcruntime:winapi_downlevel.obj
 0002:00001390       ??_C@_1DK@LPPGFMPP@?$AAa?$AAp?$AAi?$AA?9?$AAm?$AAs?$AA?9?$AAw?$AAi?$AAn?$AA?9?$AAc?$AAo?$AAr?$AAe@ 0000000140010390     libvcruntime:winapi_downlevel.obj
 0002:000013d0       ??_C@_1BC@GDMECMAK@?$AAk?$AAe?$AAr?$AAn?$AAe?$AAl?$AA3?$AA2@ 00000001400103d0     libvcruntime:winapi_downlevel.obj
 0002:000013e8       ??_C@_1BA@PFFKHIOG@?$AAa?$AAp?$AAi?$AA?9?$AAm?$AAs?$AA?9@ 00000001400103e8     libvcruntime:winapi_downlevel.obj
 0002:00001400       ??_C@_08KNHFBNJ@FlsAlloc@  0000000140010400     libvcruntime:winapi_downlevel.obj
 0002:00001418       ??_C@_07PEJMOBNF@FlsFree@  0000000140010418     libvcruntime:winapi_downlevel.obj
 0002:00001428       ??_C@_0M@GDNOONDI@FlsGetValue@ 0000000140010428     libvcruntime:winapi_downlevel.obj
 0002:00001440       ??_C@_0M@JCPCPOEF@FlsSetValue@ 0000000140010440     libvcruntime:winapi_downlevel.obj
 0002:00001458       ??_C@_0BM@HCFOFFN@InitializeCriticalSectionEx@ 0000000140010458     libvcruntime:winapi_downlevel.obj
 0002:000015b0       __acrt_exception_action_table 00000001400105b0     libucrt:exception_filter.obj
 0002:00001670       __acrt_signal_action_table_count 0000000140010670     libucrt:exception_filter.obj
 0002:00001678       __acrt_signal_action_first_fpe_index 0000000140010678     libucrt:exception_filter.obj
 0002:00001680       __acrt_signal_action_fpe_count 0000000140010680     libucrt:exception_filter.obj
 0002:00001688       ??_C@_1BI@BGOHAHKC@?$AAm?$AAs?$AAc?$AAo?$AAr?$AAe?$AAe?$AA?4?$AAd?$AAl?$AAl?$AA?$AA@ 0000000140010688     libucrt:exit.obj
 0002:000016a0       ??_C@_0P@MIGLKIOC@CorExitProcess?$AA@ 00000001400106a0     libucrt:exit.obj
 0002:000017b0       __Lcosfarray               00000001400107b0     libucrt:lsincosf_array.obj
 0002:000017e0       __Lsinfarray               00000001400107e0     libucrt:lsincosf_array.obj
 0002:00001800       __L_2_by_pi_bits           0000000140010800     libucrt:l2_by_pi_bits.obj
 0002:00001950       ??_C@_04LAGPAAHP@sinf?$AA@ 0000000140010950     libucrt:sincos_special.obj
 0002:00001ae8       ??_C@_1M@HPNHIDJI@?$AAj?$AAa?$AA?9?$AAJ?$AAP?$AA?$AA@ 0000000140010ae8     libucrt:mbctype.obj
 0002:00001af8       ??_C@_1M@BIBDDEMK@?$AAz?$AAh?$AA?9?$AAC?$AAN?$AA?$AA@ 0000000140010af8     libucrt:mbctype.obj
 0002:00001b08       ??_C@_1M@JLOOOEGK@?$AAk?$AAo?$AA?9?$AAK?$AAR?$AA?$AA@ 0000000140010b08     libucrt:mbctype.obj
 0002:00001b18       ??_C@_1M@CLNBBOPM@?$AAz?$AAh?$AA?9?$AAT?$AAW?$AA?$AA@ 0000000140010b18     libucrt:mbctype.obj
 0002:00001b30       __lc_time_c                0000000140010b30     libucrt:nlsdata.obj
 0002:00001df0       ??_C@_03KOEHGMDN@Sun?$AA@  0000000140010df0     libucrt:nlsdata.obj
 0002:00001df4       ??_C@_03PDAGKDH@Mon?$AA@   0000000140010df4     libucrt:nlsdata.obj
 0002:00001df8       ??_C@_03NAGEINEP@Tue?$AA@  0000000140010df8     libucrt:nlsdata.obj
 0002:00001dfc       ??_C@_03MHOMLAJA@Wed?$AA@  0000000140010dfc     libucrt:nlsdata.obj
 0002:00001e00       ??_C@_03IOFIKPDN@Thu?$AA@  0000000140010e00     libucrt:nlsdata.obj
 0002:00001e04       ??_C@_03IDIOELNC@Fri?$AA@  0000000140010e04     libucrt:nlsdata.obj
 0002:00001e08       ??_C@_03FEFJNEK@Sat?$AA@   0000000140010e08     libucrt:nlsdata.obj
 0002:00001e0c       ??_C@_06OOPIFAJ@Sunday?$AA@ 0000000140010e0c     libucrt:nlsdata.obj
 0002:00001e14       ??_C@_06JLEDEDGH@Monday?$AA@ 0000000140010e14     libucrt:nlsdata.obj
 0002:00001e20       ??_C@_07BAAGCFCM@Tuesday?$AA@ 0000000140010e20     libucrt:nlsdata.obj
 0002:00001e28       ??_C@_09DLIGFAKA@Wednesday?$AA@ 0000000140010e28     libucrt:nlsdata.obj
 0002:00001e38       ??_C@_08HACCIKIA@Thursday?$AA@ 0000000140010e38     libucrt:nlsdata.obj
 0002:00001e44       ??_C@_06JECMNKMI@Friday?$AA@ 0000000140010e44     libucrt:nlsdata.obj
 0002:00001e50       ??_C@_08INBOOONO@Saturday?$AA@ 0000000140010e50     libucrt:nlsdata.obj
 0002:00001e5c       ??_C@_03JIHJHPIE@Jan?$AA@  0000000140010e5c     libucrt:nlsdata.obj
 0002:00001e60       ??_C@_03HJBDCHOM@Feb?$AA@  0000000140010e60     libucrt:nlsdata.obj
 0002:00001e64       ??_C@_03ODNJBKGA@Mar?$AA@  0000000140010e64     libucrt:nlsdata.obj
 0002:00001e68       ??_C@_03LEOLGMJP@Apr?$AA@  0000000140010e68     libucrt:nlsdata.obj
 0002:00001e6c       ??_C@_03CNMDKL@May?$AA@    0000000140010e6c     libucrt:nlsdata.obj
 0002:00001e70       ??_C@_03IDFGHECI@Jun?$AA@  0000000140010e70     libucrt:nlsdata.obj
 0002:00001e74       ??_C@_03LBGABGKK@Jul?$AA@  0000000140010e74     libucrt:nlsdata.obj
 0002:00001e78       ??_C@_03IFJFEIGA@Aug?$AA@  0000000140010e78     libucrt:nlsdata.obj
 0002:00001e7c       ??_C@_03GGCAPAJC@Sep?$AA@  0000000140010e7c     libucrt:nlsdata.obj
 0002:00001e80       ??_C@_03BMAOKBAD@Oct?$AA@  0000000140010e80     libucrt:nlsdata.obj
 0002:00001e84       ??_C@_03JPJOFNIA@Nov?$AA@  0000000140010e84     libucrt:nlsdata.obj
 0002:00001e88       ??_C@_03MKABNOCG@Dec?$AA@  0000000140010e88     libucrt:nlsdata.obj
 0002:00001e90       ??_C@_07CGJPFGJA@January?$AA@ 0000000140010e90     libucrt:nlsdata.obj
 0002:00001e98       ??_C@_08GNJGEPFN@February?$AA@ 0000000140010e98     libucrt:nlsdata.obj
 0002:00001ea4       ??_C@_05HPCKOFNC@March?$AA@ 0000000140010ea4     libucrt:nlsdata.obj
 0002:00001eac       ??_C@_05DMJDNLEJ@April?$AA@ 0000000140010eac     libucrt:nlsdata.obj
 0002:00001eb4       ??_C@_04CNLMGBGM@June?$AA@ 0000000140010eb4     libucrt:nlsdata.obj
 0002:00001ebc       ??_C@_04MIEPOIFP@July?$AA@ 0000000140010ebc     libucrt:nlsdata.obj
 0002:00001ec4       ??_C@_06LBBHFDDG@August?$AA@ 0000000140010ec4     libucrt:nlsdata.obj
 0002:00001ed0       ??_C@_09BHHEALKD@September?$AA@ 0000000140010ed0     libucrt:nlsdata.obj
 0002:00001ee0       ??_C@_07JJNFCEND@October?$AA@ 0000000140010ee0     libucrt:nlsdata.obj
 0002:00001ee8       ??_C@_08HCHEGEOA@November?$AA@ 0000000140010ee8     libucrt:nlsdata.obj
 0002:00001ef8       ??_C@_08EDHMEBNP@December?$AA@ 0000000140010ef8     libucrt:nlsdata.obj
 0002:00001f04       ??_C@_02DEDBPAFC@AM?$AA@   0000000140010f04     libucrt:nlsdata.obj
 0002:00001f08       ??_C@_02CJNFDJBF@PM?$AA@   0000000140010f08     libucrt:nlsdata.obj
 0002:00001f10       ??_C@_08BPBNCDIB@MM?1dd?1yy?$AA@ 0000000140010f10     libucrt:nlsdata.obj
 0002:00001f20       ??_C@_0BE@CKGJFCPC@dddd?0?5MMMM?5dd?0?5yyyy?$AA@ 0000000140010f20     libucrt:nlsdata.obj
 0002:00001f38       ??_C@_08JCCMCCIL@HH?3mm?3ss?$AA@ 0000000140010f38     libucrt:nlsdata.obj
 0002:00001f48       ??_C@_17MBGCMIPB@?$AAS?$AAu?$AAn?$AA?$AA@ 0000000140010f48     libucrt:nlsdata.obj
 0002:00001f50       ??_C@_17KBOMKBF@?$AAM?$AAo?$AAn?$AA?$AA@ 0000000140010f50     libucrt:nlsdata.obj
 0002:00001f58       ??_C@_17BMKGEGOJ@?$AAT?$AAu?$AAe?$AA?$AA@ 0000000140010f58     libucrt:nlsdata.obj
 0002:00001f60       ??_C@_17CJEDCEPE@?$AAW?$AAe?$AAd?$AA?$AA@ 0000000140010f60     libucrt:nlsdata.obj
 0002:00001f68       ??_C@_17PDPHAADD@?$AAT?$AAh?$AAu?$AA?$AA@ 0000000140010f68     libucrt:nlsdata.obj
 0002:00001f70       ??_C@_17HFOLPPLP@?$AAF?$AAr?$AAi?$AA?$AA@ 0000000140010f70     libucrt:nlsdata.obj
 0002:00001f78       ??_C@_17GGIBDPIH@?$AAS?$AAa?$AAt?$AA?$AA@ 0000000140010f78     libucrt:nlsdata.obj
 0002:00001f80       ??_C@_1O@IHNHDHPB@?$AAS?$AAu?$AAn?$AAd?$AAa?$AAy?$AA?$AA@ 0000000140010f80     libucrt:nlsdata.obj
 0002:00001f90       ??_C@_1O@MMNBFLIA@?$AAM?$AAo?$AAn?$AAd?$AAa?$AAy?$AA?$AA@ 0000000140010f90     libucrt:nlsdata.obj
 0002:00001fa0       ??_C@_1BA@ENFBFFEK@?$AAT?$AAu?$AAe?$AAs?$AAd?$AAa?$AAy?$AA?$AA@ 0000000140010fa0     libucrt:nlsdata.obj
 0002:00001fb0       ??_C@_1BE@EBOGMDOH@?$AAW?$AAe?$AAd?$AAn?$AAe?$AAs?$AAd?$AAa?$AAy?$AA?$AA@ 0000000140010fb0     libucrt:nlsdata.obj
 0002:00001fc8       ??_C@_1BC@HHMNLIHE@?$AAT?$AAh?$AAu?$AAr?$AAs?$AAd?$AAa?$AAy?$AA?$AA@ 0000000140010fc8     libucrt:nlsdata.obj
 0002:00001fe0       ??_C@_1O@PDICJHAG@?$AAF?$AAr?$AAi?$AAd?$AAa?$AAy?$AA?$AA@ 0000000140010fe0     libucrt:nlsdata.obj
 0002:00001ff0       ??_C@_1BC@ENMNNPAJ@?$AAS?$AAa?$AAt?$AAu?$AAr?$AAd?$AAa?$AAy?$AA?$AA@ 0000000140010ff0     libucrt:nlsdata.obj
 0002:00002008       ??_C@_17DKNBKCHM@?$AAJ?$AAa?$AAn?$AA?$AA@ 0000000140011008     libucrt:nlsdata.obj
 0002:00002010       ??_C@_17LMDJEKJN@?$AAF?$AAe?$AAb?$AA?$AA@ 0000000140011010     libucrt:nlsdata.obj
 0002:00002018       ??_C@_17CKNLEDEC@?$AAM?$AAa?$AAr?$AA?$AA@ 0000000140011018     libucrt:nlsdata.obj
 0002:00002020       ??_C@_17LFPOIHDD@?$AAA?$AAp?$AAr?$AA?$AA@ 0000000140011020     libucrt:nlsdata.obj
 0002:00002028       ??_C@_17PNNKMEED@?$AAM?$AAa?$AAy?$AA?$AA@ 0000000140011028     libucrt:nlsdata.obj
 0002:00002030       ??_C@_17KCJGOCPB@?$AAJ?$AAu?$AAn?$AA?$AA@ 0000000140011030     libucrt:nlsdata.obj
 0002:00002038       ??_C@_17IJPCKHK@?$AAJ?$AAu?$AAl?$AA?$AA@ 0000000140011038     libucrt:nlsdata.obj
 0002:00002040       ??_C@_17ICPELBCN@?$AAA?$AAu?$AAg?$AA?$AA@ 0000000140011040     libucrt:nlsdata.obj
 0002:00002048       ??_C@_17HCHCOKMG@?$AAS?$AAe?$AAp?$AA?$AA@ 0000000140011048     libucrt:nlsdata.obj
 0002:00002050       ??_C@_17FNLKOI@?$AAO?$AAc?$AAt?$AA?$AA@ 0000000140011050     libucrt:nlsdata.obj
 0002:00002058       ??_C@_17BBDMLCIG@?$AAN?$AAo?$AAv?$AA?$AA@ 0000000140011058     libucrt:nlsdata.obj
 0002:00002060       ??_C@_17EGKACKIF@?$AAD?$AAe?$AAc?$AA?$AA@ 0000000140011060     libucrt:nlsdata.obj
 0002:00002068       ??_C@_1BA@EFMEIEBA@?$AAJ?$AAa?$AAn?$AAu?$AAa?$AAr?$AAy?$AA?$AA@ 0000000140011068     libucrt:nlsdata.obj
 0002:00002078       ??_C@_1BC@JGDDFFAM@?$AAF?$AAe?$AAb?$AAr?$AAu?$AAa?$AAr?$AAy?$AA?$AA@ 0000000140011078     libucrt:nlsdata.obj
 0002:00002090       ??_C@_1M@IKEENEDF@?$AAM?$AAa?$AAr?$AAc?$AAh?$AA?$AA@ 0000000140011090     libucrt:nlsdata.obj
 0002:000020a0       ??_C@_1M@GJNLMHFD@?$AAA?$AAp?$AAr?$AAi?$AAl?$AA?$AA@ 00000001400110a0     libucrt:nlsdata.obj
 0002:000020b0       ??_C@_19EPFLPGAP@?$AAJ?$AAu?$AAn?$AAe?$AA?$AA@ 00000001400110b0     libucrt:nlsdata.obj
 0002:000020c0       ??_C@_19BIFMLPCD@?$AAJ?$AAu?$AAl?$AAy?$AA?$AA@ 00000001400110c0     libucrt:nlsdata.obj
 0002:000020d0       ??_C@_1O@PAHLKOAC@?$AAA?$AAu?$AAg?$AAu?$AAs?$AAt?$AA?$AA@ 00000001400110d0     libucrt:nlsdata.obj
 0002:000020e0       ??_C@_1BE@DKAAMBJL@?$AAS?$AAe?$AAp?$AAt?$AAe?$AAm?$AAb?$AAe?$AAr?$AA?$AA@ 00000001400110e0     libucrt:nlsdata.obj
 0002:000020f8       ??_C@_1BA@EPANDLNG@?$AAO?$AAc?$AAt?$AAo?$AAb?$AAe?$AAr?$AA?$AA@ 00000001400110f8     libucrt:nlsdata.obj
 0002:00002108       ??_C@_1BC@BGLIFPF@?$AAN?$AAo?$AAv?$AAe?$AAm?$AAb?$AAe?$AAr?$AA?$AA@ 0000000140011108     libucrt:nlsdata.obj
 0002:00002120       ??_C@_1BC@FEMKIFH@?$AAD?$AAe?$AAc?$AAe?$AAm?$AAb?$AAe?$AAr?$AA?$AA@ 0000000140011120     libucrt:nlsdata.obj
 0002:00002134       ??_C@_15ODEHAHHF@?$AAA?$AAM?$AA?$AA@ 0000000140011134     libucrt:nlsdata.obj
 0002:0000213c       ??_C@_15CLMNNGEL@?$AAP?$AAM?$AA?$AA@ 000000014001113c     libucrt:nlsdata.obj
 0002:00002148       ??_C@_1BC@IEBCMHCM@?$AAM?$AAM?$AA?1?$AAd?$AAd?$AA?1?$AAy?$AAy?$AA?$AA@ 0000000140011148     libucrt:nlsdata.obj
 0002:00002160       ??_C@_1CI@KNAKOEBC@?$AAd?$AAd?$AAd?$AAd?$AA?0?$AA?5?$AAM?$AAM?$AAM?$AAM?$AA?5?$AAd?$AAd?$AA?0?$AA?5?$AAy?$AAy?$AAy?$AAy?$AA?$AA@ 0000000140011160     libucrt:nlsdata.obj
 0002:00002188       ??_C@_1BC@GDGBMEMK@?$AAH?$AAH?$AA?3?$AAm?$AAm?$AA?3?$AAs?$AAs?$AA?$AA@ 0000000140011188     libucrt:nlsdata.obj
 0002:000021a0       ??_C@_1M@BMHNFIME@?$AAe?$AAn?$AA?9?$AAU?$AAS?$AA?$AA@ 00000001400111a0     libucrt:nlsdata.obj
 0002:000021b0       __newctype                 00000001400111b0     libucrt:ctype.obj
 0002:000024b0       __newclmap                 00000001400114b0     libucrt:ctype.obj
 0002:00002630       __newcumap                 0000000140011630     libucrt:ctype.obj
 0002:000027b0       ??_C@_15PJPFLCCM@?$AAu?$AAk?$AA?$AA@ 00000001400117b0     libucrt:get_qualified_locale.obj
 0002:00002860       ??_C@_1EA@JGEFHKEI@?$AAa?$AAp?$AAi?$AA?9?$AAm?$AAs?$AA?9?$AAw?$AAi?$AAn?$AA?9?$AAc?$AAo?$AAr?$AAe?$AA?9?$AAd?$AAa?$AAt?$AAe?$AAt?$AAi?$AAm?$AAe?$AA?9?$AAl?$AA1?$AA?9?$AA1?$AA?9?$AA1?$AA?$AA@ 0000000140011860     libucrt:winapi_thunks.obj
 0002:000028a0       ??_C@_1DM@KHCHBNEB@?$AAa?$AAp?$AAi?$AA?9?$AAm?$AAs?$AA?9?$AAw?$AAi?$AAn?$AA?9?$AAc?$AAo?$AAr?$AAe?$AA?9?$AAf?$AAi?$AAb?$AAe?$AAr?$AAs?$AA?9?$AAl?$AA1?$AA?9?$AA1?$AA?9?$AA1?$AA?$AA@ 00000001400118a0     libucrt:winapi_thunks.obj
 0002:000028e0       ??_C@_1DI@IJCEHOCB@?$AAa?$AAp?$AAi?$AA?9?$AAm?$AAs?$AA?9?$AAw?$AAi?$AAn?$AA?9?$AAc?$AAo?$AAr?$AAe?$AA?9?$AAf?$AAi?$AAl?$AAe?$AA?9?$AAl?$AA1?$AA?9?$AA2?$AA?9?$AA2?$AA?$AA@ 00000001400118e0     libucrt:winapi_thunks.obj
 0002:00002920       ??_C@_1EI@MPIAOHOC@?$AAa?$AAp?$AAi?$AA?9?$AAm?$AAs?$AA?9?$AAw?$AAi?$AAn?$AA?9?$AAc?$AAo?$AAr?$AAe?$AA?9?$AAl?$AAo?$AAc?$AAa?$AAl?$AAi?$AAz?$AAa?$AAt?$AAi?$AAo?$AAn?$AA?9?$AAl?$AA1?$AA?9@ 0000000140011920     libucrt:winapi_thunks.obj
 0002:00002970       ??_C@_1FK@FPHCKFIE@?$AAa?$AAp?$AAi?$AA?9?$AAm?$AAs?$AA?9?$AAw?$AAi?$AAn?$AA?9?$AAc?$AAo?$AAr?$AAe?$AA?9?$AAl?$AAo?$AAc?$AAa?$AAl?$AAi?$AAz?$AAa?$AAt?$AAi?$AAo?$AAn?$AA?9?$AAo?$AAb?$AAs@ 0000000140011970     libucrt:winapi_thunks.obj
 0002:000029d0       ??_C@_1EM@DILCGIIO@?$AAa?$AAp?$AAi?$AA?9?$AAm?$AAs?$AA?9?$AAw?$AAi?$AAn?$AA?9?$AAc?$AAo?$AAr?$AAe?$AA?9?$AAp?$AAr?$AAo?$AAc?$AAe?$AAs?$AAs?$AAt?$AAh?$AAr?$AAe?$AAa?$AAd?$AAs?$AA?9?$AAl@ 00000001400119d0     libucrt:winapi_thunks.obj
 0002:00002a20       ??_C@_1DM@LNCGDDPN@?$AAa?$AAp?$AAi?$AA?9?$AAm?$AAs?$AA?9?$AAw?$AAi?$AAn?$AA?9?$AAc?$AAo?$AAr?$AAe?$AA?9?$AAs?$AAt?$AAr?$AAi?$AAn?$AAg?$AA?9?$AAl?$AA1?$AA?9?$AA1?$AA?9?$AA0?$AA?$AA@ 0000000140011a20     libucrt:winapi_thunks.obj
 0002:00002a60       ??_C@_1DK@LPPGFMPP@?$AAa?$AAp?$AAi?$AA?9?$AAm?$AAs?$AA?9?$AAw?$AAi?$AAn?$AA?9?$AAc?$AAo?$AAr?$AAe?$AA?9?$AAs?$AAy?$AAn?$AAc?$AAh?$AA?9?$AAl?$AA1?$AA?9?$AA2?$AA?9?$AA0?$AA?$AA@ 0000000140011a60     libucrt:winapi_thunks.obj
 0002:00002aa0       ??_C@_1DO@FPAPJEMD@?$AAa?$AAp?$AAi?$AA?9?$AAm?$AAs?$AA?9?$AAw?$AAi?$AAn?$AA?9?$AAc?$AAo?$AAr?$AAe?$AA?9?$AAs?$AAy?$AAs?$AAi?$AAn?$AAf?$AAo?$AA?9?$AAl?$AA1?$AA?9?$AA2?$AA?9?$AA1?$AA?$AA@ 0000000140011aa0     libucrt:winapi_thunks.obj
 0002:00002ae0       ??_C@_1DK@NDHNAHIO@?$AAa?$AAp?$AAi?$AA?9?$AAm?$AAs?$AA?9?$AAw?$AAi?$AAn?$AA?9?$AAc?$AAo?$AAr?$AAe?$AA?9?$AAw?$AAi?$AAn?$AAr?$AAt?$AA?9?$AAl?$AA1?$AA?9?$AA1?$AA?9?$AA0?$AA?$AA@ 0000000140011ae0     libucrt:winapi_thunks.obj
 0002:00002b20       ??_C@_1DM@KGHDGBCM@?$AAa?$AAp?$AAi?$AA?9?$AAm?$AAs?$AA?9?$AAw?$AAi?$AAn?$AA?9?$AAc?$AAo?$AAr?$AAe?$AA?9?$AAx?$AAs?$AAt?$AAa?$AAt?$AAe?$AA?9?$AAl?$AA2?$AA?9?$AA1?$AA?9?$AA0?$AA?$AA@ 0000000140011b20     libucrt:winapi_thunks.obj
 0002:00002b60       ??_C@_1EO@IJIOEFOH@?$AAa?$AAp?$AAi?$AA?9?$AAm?$AAs?$AA?9?$AAw?$AAi?$AAn?$AA?9?$AAr?$AAt?$AAc?$AAo?$AAr?$AAe?$AA?9?$AAn?$AAt?$AAu?$AAs?$AAe?$AAr?$AA?9?$AAw?$AAi?$AAn?$AAd?$AAo?$AAw?$AA?9@ 0000000140011b60     libucrt:winapi_thunks.obj
 0002:00002bb0       ??_C@_1FG@HHGEKANL@?$AAa?$AAp?$AAi?$AA?9?$AAm?$AAs?$AA?9?$AAw?$AAi?$AAn?$AA?9?$AAs?$AAe?$AAc?$AAu?$AAr?$AAi?$AAt?$AAy?$AA?9?$AAs?$AAy?$AAs?$AAt?$AAe?$AAm?$AAf?$AAu?$AAn?$AAc?$AAt?$AAi@ 0000000140011bb0     libucrt:winapi_thunks.obj
 0002:00002c10       ??_C@_1EG@DBIOJECG@?$AAe?$AAx?$AAt?$AA?9?$AAm?$AAs?$AA?9?$AAw?$AAi?$AAn?$AA?9?$AAn?$AAt?$AAu?$AAs?$AAe?$AAr?$AA?9?$AAd?$AAi?$AAa?$AAl?$AAo?$AAg?$AAb?$AAo?$AAx?$AA?9?$AAl?$AA1?$AA?9?$AA1@ 0000000140011c10     libucrt:winapi_thunks.obj
 0002:00002c60       ??_C@_1EO@FIHMJCLF@?$AAe?$AAx?$AAt?$AA?9?$AAm?$AAs?$AA?9?$AAw?$AAi?$AAn?$AA?9?$AAn?$AAt?$AAu?$AAs?$AAe?$AAr?$AA?9?$AAw?$AAi?$AAn?$AAd?$AAo?$AAw?$AAs?$AAt?$AAa?$AAt?$AAi?$AAo?$AAn?$AA?9@ 0000000140011c60     libucrt:winapi_thunks.obj
 0002:00002cb0       ??_C@_1BC@DNHGCMLG@?$AAa?$AAd?$AAv?$AAa?$AAp?$AAi?$AA3?$AA2?$AA?$AA@ 0000000140011cb0     libucrt:winapi_thunks.obj
 0002:00002cc8       ??_C@_1BC@GDMECMAK@?$AAk?$AAe?$AAr?$AAn?$AAe?$AAl?$AA3?$AA2?$AA?$AA@ 0000000140011cc8     libucrt:winapi_thunks.obj
 0002:00002ce0       ??_C@_1M@OAIMIKLP@?$AAn?$AAt?$AAd?$AAl?$AAl?$AA?$AA@ 0000000140011ce0     libucrt:winapi_thunks.obj
 0002:00002cf0       ??_C@_1EG@DPGNFKGC@?$AAa?$AAp?$AAi?$AA?9?$AAm?$AAs?$AA?9?$AAw?$AAi?$AAn?$AA?9?$AAa?$AAp?$AAp?$AAm?$AAo?$AAd?$AAe?$AAl?$AA?9?$AAr?$AAu?$AAn?$AAt?$AAi?$AAm?$AAe?$AA?9?$AAl?$AA1?$AA?9?$AA1@ 0000000140011cf0     libucrt:winapi_thunks.obj
 0002:00002d38       ??_C@_1O@BCCLBEOE@?$AAu?$AAs?$AAe?$AAr?$AA3?$AA2?$AA?$AA@ 0000000140011d38     libucrt:winapi_thunks.obj
 0002:00002d48       ??_C@_1BA@PFFKHIOG@?$AAa?$AAp?$AAi?$AA?9?$AAm?$AAs?$AA?9?$AA?$AA@ 0000000140011d48     libucrt:winapi_thunks.obj
 0002:00002d58       ??_C@_1BA@IAIFMGEF@?$AAe?$AAx?$AAt?$AA?9?$AAm?$AAs?$AA?9?$AA?$AA@ 0000000140011d58     libucrt:winapi_thunks.obj
 0002:00002d70       ??_C@_0BA@FHFNEAED@AreFileApisANSI?$AA@ 0000000140011d70     libucrt:winapi_thunks.obj
 0002:00002d88       ??_C@_08KNHFBNJ@FlsAlloc?$AA@ 0000000140011d88     libucrt:winapi_thunks.obj
 0002:00002da0       ??_C@_07PEJMOBNF@FlsFree?$AA@ 0000000140011da0     libucrt:winapi_thunks.obj
 0002:00002db0       ??_C@_0M@GDNOONDI@FlsGetValue?$AA@ 0000000140011db0     libucrt:winapi_thunks.obj
 0002:00002dc8       ??_C@_0M@JCPCPOEF@FlsSetValue?$AA@ 0000000140011dc8     libucrt:winapi_thunks.obj
 0002:00002de0       ??_C@_0BM@HCFOFFN@InitializeCriticalSectionEx?$AA@ 0000000140011de0     libucrt:winapi_thunks.obj
 0002:00002e08       ??_C@_0O@KKBNKAPF@LCMapStringEx?$AA@ 0000000140011e08     libucrt:winapi_thunks.obj
 0002:00002e20       ??_C@_0BB@HBDEELFH@LocaleNameToLCID?$AA@ 0000000140011e20     libucrt:winapi_thunks.obj
 0002:00002e38       ??_C@_0CF@OJOFEIGO@AppPolicyGetProcessTerminationMe@ 0000000140011e38     libucrt:winapi_thunks.obj
 0002:00003ca0       ??_C@_15EMKDOKLE@?$AAa?$AAr?$AA?$AA@ 0000000140012ca0     libucrt:lcidtoname_downlevel.obj
 0002:00003ca8       ??_C@_15KNPADPLH@?$AAb?$AAg?$AA?$AA@ 0000000140012ca8     libucrt:lcidtoname_downlevel.obj
 0002:00003cb0       ??_C@_15EDMHLDMO@?$AAc?$AAa?$AA?$AA@ 0000000140012cb0     libucrt:lcidtoname_downlevel.obj
 0002:00003cb8       ??_C@_1O@BPEAJADD@?$AAz?$AAh?$AA?9?$AAC?$AAH?$AAS?$AA?$AA@ 0000000140012cb8     libucrt:lcidtoname_downlevel.obj
 0002:00003cc8       ??_C@_15LJNHCMNK@?$AAc?$AAs?$AA?$AA@ 0000000140012cc8     libucrt:lcidtoname_downlevel.obj
 0002:00003cd0       ??_C@_15FOMCIDHG@?$AAd?$AAa?$AA?$AA@ 0000000140012cd0     libucrt:lcidtoname_downlevel.obj
 0002:00003cd8       ??_C@_15NBKABECB@?$AAd?$AAe?$AA?$AA@ 0000000140012cd8     libucrt:lcidtoname_downlevel.obj
 0002:00003ce0       ??_C@_15GHPEIIAO@?$AAe?$AAl?$AA?$AA@ 0000000140012ce0     libucrt:lcidtoname_downlevel.obj
 0002:00003ce8       ??_C@_15MNPNEAIF@?$AAe?$AAn?$AA?$AA@ 0000000140012ce8     libucrt:lcidtoname_downlevel.obj
 0002:00003cf0       ??_C@_15GPIOMPMH@?$AAe?$AAs?$AA?$AA@ 0000000140012cf0     libucrt:lcidtoname_downlevel.obj
 0002:00003cf8       ??_C@_15NGLOAKJC@?$AAf?$AAi?$AA?$AA@ 0000000140012cf8     libucrt:lcidtoname_downlevel.obj
 0002:00003d00       ??_C@_15FBKGNKAM@?$AAf?$AAr?$AA?$AA@ 0000000140012d00     libucrt:lcidtoname_downlevel.obj
 0002:00003d08       ??_C@_15KGGCNEFK@?$AAh?$AAe?$AA?$AA@ 0000000140012d08     libucrt:lcidtoname_downlevel.obj
 0002:00003d10       ??_C@_15PGHLIDMF@?$AAh?$AAu?$AA?$AA@ 0000000140012d10     libucrt:lcidtoname_downlevel.obj
 0002:00003d18       ??_C@_15BIEMAPLM@?$AAi?$AAs?$AA?$AA@ 0000000140012d18     libucrt:lcidtoname_downlevel.obj
 0002:00003d20       ??_C@_15IFJLDHAF@?$AAi?$AAt?$AA?$AA@ 0000000140012d20     libucrt:lcidtoname_downlevel.obj
 0002:00003d28       ??_C@_15GEMIOCAG@?$AAj?$AAa?$AA?$AA@ 0000000140012d28     libucrt:lcidtoname_downlevel.obj
 0002:00003d30       ??_C@_15EPELEGJA@?$AAk?$AAo?$AA?$AA@ 0000000140012d30     libucrt:lcidtoname_downlevel.obj
 0002:00003d38       ??_C@_15NDDHIMN@?$AAn?$AAl?$AA?$AA@ 0000000140012d38     libucrt:lcidtoname_downlevel.obj
 0002:00003d40       ??_C@_15BPIGNHCD@?$AAn?$AAo?$AA?$AA@ 0000000140012d40     libucrt:lcidtoname_downlevel.obj
 0002:00003d48       ??_C@_15DEOPBLCG@?$AAp?$AAl?$AA?$AA@ 0000000140012d48     libucrt:lcidtoname_downlevel.obj
 0002:00003d50       ??_C@_15KBECGEFG@?$AAp?$AAt?$AA?$AA@ 0000000140012d50     libucrt:lcidtoname_downlevel.obj
 0002:00003d58       ??_C@_15GLJCBFMD@?$AAr?$AAo?$AA?$AA@ 0000000140012d58     libucrt:lcidtoname_downlevel.obj
 0002:00003d60       ??_C@_15FEDGKCDI@?$AAr?$AAu?$AA?$AA@ 0000000140012d60     libucrt:lcidtoname_downlevel.obj
 0002:00003d68       ??_C@_15GLKMLLHM@?$AAh?$AAr?$AA?$AA@ 0000000140012d68     libucrt:lcidtoname_downlevel.obj
 0002:00003d70       ??_C@_15CPKMFBDB@?$AAs?$AAk?$AA?$AA@ 0000000140012d70     libucrt:lcidtoname_downlevel.obj
 0002:00003d78       ??_C@_15BAAIOGMK@?$AAs?$AAq?$AA?$AA@ 0000000140012d78     libucrt:lcidtoname_downlevel.obj
 0002:00003d80       ??_C@_15INNPNOHD@?$AAs?$AAv?$AA?$AA@ 0000000140012d80     libucrt:lcidtoname_downlevel.obj
 0002:00003d88       ??_C@_15CABMMOGH@?$AAt?$AAh?$AA?$AA@ 0000000140012d88     libucrt:lcidtoname_downlevel.obj
 0002:00003d90       ??_C@_15BPLIHJJM@?$AAt?$AAr?$AA?$AA@ 0000000140012d90     libucrt:lcidtoname_downlevel.obj
 0002:00003d98       ??_C@_15NEOEKKDJ@?$AAu?$AAr?$AA?$AA@ 0000000140012d98     libucrt:lcidtoname_downlevel.obj
 0002:00003da0       ??_C@_15NFICGAJK@?$AAi?$AAd?$AA?$AA@ 0000000140012da0     libucrt:lcidtoname_downlevel.obj
 0002:00003da8       ??_C@_15HPJPHDM@?$AAb?$AAe?$AA?$AA@ 0000000140012da8     libucrt:lcidtoname_downlevel.obj
 0002:00003db0       ??_C@_15LCHLGJII@?$AAs?$AAl?$AA?$AA@ 0000000140012db0     libucrt:lcidtoname_downlevel.obj
 0002:00003db8       ??_C@_15PCFJPHHO@?$AAe?$AAt?$AA?$AA@ 0000000140012db8     libucrt:lcidtoname_downlevel.obj
 0002:00003dc0       ??_C@_15HPFPGODN@?$AAl?$AAv?$AA?$AA@ 0000000140012dc0     libucrt:lcidtoname_downlevel.obj
 0002:00003dc8       ??_C@_15NFFGKGLG@?$AAl?$AAt?$AA?$AA@ 0000000140012dc8     libucrt:lcidtoname_downlevel.obj
 0002:00003dd0       ??_C@_15BDAKCCHN@?$AAf?$AAa?$AA?$AA@ 0000000140012dd0     libucrt:lcidtoname_downlevel.obj
 0002:00003dd8       ??_C@_15NFGIAIAJ@?$AAv?$AAi?$AA?$AA@ 0000000140012dd8     libucrt:lcidtoname_downlevel.obj
 0002:00003de0       ??_C@_15LMKNDMHN@?$AAh?$AAy?$AA?$AA@ 0000000140012de0     libucrt:lcidtoname_downlevel.obj
 0002:00003de8       ??_C@_15IJBHMCFL@?$AAa?$AAz?$AA?$AA@ 0000000140012de8     libucrt:lcidtoname_downlevel.obj
 0002:00003df0       ??_C@_15EKOFJABL@?$AAe?$AAu?$AA?$AA@ 0000000140012df0     libucrt:lcidtoname_downlevel.obj
 0002:00003df8       ??_C@_15BGHADCNK@?$AAm?$AAk?$AA?$AA@ 0000000140012df8     libucrt:lcidtoname_downlevel.obj
 0002:00003e00       ??_C@_15JDNICKHM@?$AAa?$AAf?$AA?$AA@ 0000000140012e00     libucrt:lcidtoname_downlevel.obj
 0002:00003e08       ??_C@_15KPJEDBKD@?$AAk?$AAa?$AA?$AA@ 0000000140012e08     libucrt:lcidtoname_downlevel.obj
 0002:00003e10       ??_C@_15PDNFFFEO@?$AAf?$AAo?$AA?$AA@ 0000000140012e10     libucrt:lcidtoname_downlevel.obj
 0002:00003e18       ??_C@_15OMLEGLOC@?$AAh?$AAi?$AA?$AA@ 0000000140012e18     libucrt:lcidtoname_downlevel.obj
 0002:00003e20       ??_C@_15IDNNENKK@?$AAm?$AAs?$AA?$AA@ 0000000140012e20     libucrt:lcidtoname_downlevel.obj
 0002:00003e28       ??_C@_15MACJNBMH@?$AAk?$AAk?$AA?$AA@ 0000000140012e28     libucrt:lcidtoname_downlevel.obj
 0002:00003e30       ??_C@_15DKDJEOND@?$AAk?$AAy?$AA?$AA@ 0000000140012e30     libucrt:lcidtoname_downlevel.obj
 0002:00003e38       ??_C@_15DFGDLJBG@?$AAs?$AAw?$AA?$AA@ 0000000140012e38     libucrt:lcidtoname_downlevel.obj
 0002:00003e40       ??_C@_15BBFAICNG@?$AAu?$AAz?$AA?$AA@ 0000000140012e40     libucrt:lcidtoname_downlevel.obj
 0002:00003e48       ??_C@_15DKNDCGEA@?$AAt?$AAt?$AA?$AA@ 0000000140012e48     libucrt:lcidtoname_downlevel.obj
 0002:00003e50       ??_C@_15MGIFMDPL@?$AAp?$AAa?$AA?$AA@ 0000000140012e50     libucrt:lcidtoname_downlevel.obj
 0002:00003e58       ??_C@_15HCNDBBA@?$AAg?$AAu?$AA?$AA@ 0000000140012e58     libucrt:lcidtoname_downlevel.obj
 0002:00003e60       ??_C@_15FNBEIBON@?$AAt?$AAa?$AA?$AA@ 0000000140012e60     libucrt:lcidtoname_downlevel.obj
 0002:00003e68       ??_C@_15NCHGBGLK@?$AAt?$AAe?$AA?$AA@ 0000000140012e68     libucrt:lcidtoname_downlevel.obj
 0002:00003e70       ??_C@_15PHPHCBPF@?$AAk?$AAn?$AA?$AA@ 0000000140012e70     libucrt:lcidtoname_downlevel.obj
 0002:00003e78       ??_C@_15DLGBCKMP@?$AAm?$AAr?$AA?$AA@ 0000000140012e78     libucrt:lcidtoname_downlevel.obj
 0002:00003e80       ??_C@_15EABBLBFF@?$AAs?$AAa?$AA?$AA@ 0000000140012e80     libucrt:lcidtoname_downlevel.obj
 0002:00003e88       ??_C@_15CBKOMCOI@?$AAm?$AAn?$AA?$AA@ 0000000140012e88     libucrt:lcidtoname_downlevel.obj
 0002:00003e90       ??_C@_15CKDMCJAF@?$AAg?$AAl?$AA?$AA@ 0000000140012e90     libucrt:lcidtoname_downlevel.obj
 0002:00003e98       ??_C@_17CNJFBPG@?$AAk?$AAo?$AAk?$AA?$AA@ 0000000140012e98     libucrt:lcidtoname_downlevel.obj
 0002:00003ea0       ??_C@_17FFBJICPL@?$AAs?$AAy?$AAr?$AA?$AA@ 0000000140012ea0     libucrt:lcidtoname_downlevel.obj
 0002:00003ea8       ??_C@_17KPNDCPAF@?$AAd?$AAi?$AAv?$AA?$AA@ 0000000140012ea8     libucrt:lcidtoname_downlevel.obj
 0002:00003eb0       ??_C@_11LOCGONAA@?$AA?$AA@ 0000000140012eb0     libucrt:lcidtoname_downlevel.obj
 0002:00003eb8       ??_C@_1M@OKAHONE@?$AAa?$AAr?$AA?9?$AAS?$AAA?$AA?$AA@ 0000000140012eb8     libucrt:lcidtoname_downlevel.obj
 0002:00003ec8       ??_C@_1M@FFFIGIGK@?$AAb?$AAg?$AA?9?$AAB?$AAG?$AA?$AA@ 0000000140012ec8     libucrt:lcidtoname_downlevel.obj
 0002:00003ed8       ??_C@_1M@BJNKEDC@?$AAc?$AAa?$AA?9?$AAE?$AAS?$AA?$AA@ 0000000140012ed8     libucrt:lcidtoname_downlevel.obj
 0002:00003ee8       ??_C@_1M@IJJHFJHA@?$AAc?$AAs?$AA?9?$AAC?$AAZ?$AA?$AA@ 0000000140012ee8     libucrt:lcidtoname_downlevel.obj
 0002:00003ef8       ??_C@_1M@CLPEOBGI@?$AAd?$AAa?$AA?9?$AAD?$AAK?$AA?$AA@ 0000000140012ef8     libucrt:lcidtoname_downlevel.obj
 0002:00003f08       ??_C@_1M@MCMADGCB@?$AAd?$AAe?$AA?9?$AAD?$AAE?$AA?$AA@ 0000000140012f08     libucrt:lcidtoname_downlevel.obj
 0002:00003f18       ??_C@_1M@OOCKEMAM@?$AAe?$AAl?$AA?9?$AAG?$AAR?$AA?$AA@ 0000000140012f18     libucrt:lcidtoname_downlevel.obj
 0002:00003f28       ??_C@_1M@DDNJFGID@?$AAf?$AAi?$AA?9?$AAF?$AAI?$AA?$AA@ 0000000140012f28     libucrt:lcidtoname_downlevel.obj
 0002:00003f38       ??_C@_1M@GLIPPMAC@?$AAf?$AAr?$AA?9?$AAF?$AAR?$AA?$AA@ 0000000140012f38     libucrt:lcidtoname_downlevel.obj
 0002:00003f48       ??_C@_1M@GFMCHPE@?$AAh?$AAe?$AA?9?$AAI?$AAL?$AA?$AA@ 0000000140012f48     libucrt:lcidtoname_downlevel.obj
 0002:00003f58       ??_C@_1M@MHLPGNKM@?$AAh?$AAu?$AA?9?$AAH?$AAU?$AA?$AA@ 0000000140012f58     libucrt:lcidtoname_downlevel.obj
 0002:00003f68       ??_C@_1M@LPDDNNPN@?$AAi?$AAs?$AA?9?$AAI?$AAS?$AA?$AA@ 0000000140012f68     libucrt:lcidtoname_downlevel.obj
[...]
 0002:00008454       $unwind$??$?RV<lambda_7777bce6b2f8c936911f934f8298dc43>@@AEAV<lambda_f03950bc5685219e0bcd2087efbe011e>@@V<lambda_3883c3dff614d5e0c5f61bb1ac94921c>@@@?$__crt_seh_guarded_call@H@@QEAAH$$QEAV<lambda_7777bce6b2f8c936911f934f8298dc43>@@AEAV<lambda_f03950bc5685219e0bcd2087efbe011e>@@$$QEAV<lambda_3883c3dff614d5e0c5f61bb1ac94921c>@@@Z 0000000140017454     libucrt:onexit.obj
 0002:00008478       $unwind$terminate          0000000140017478     libucrt:terminate.obj
 0002:00008498       $xdatasym                  0000000140017498     libucrt:strncmp.obj
 0002:0000849c       $unwind$__acrt_initialize_fma3 000000014001749c     libucrt:fma3_available.obj
 0002:000084a8       $xdatasym                  00000001400174a8     libucrt:remainder_piby2f_forc.obj
 0002:000084b8       $unwind$_sincosf_special   00000001400174b8     libucrt:sincos_special.obj
 0002:000084c0       $unwind$_free_base         00000001400174c0     libucrt:free_base.obj
 0002:000084c0       $unwind$?destroy_fls@@YAXPEAX@Z 00000001400174c0     libucrt:per_thread_data.obj
 0002:000084c0       $unwind$__acrt_locale_free_numeric 00000001400174c0     libucrt:initnum.obj
 0002:000084c0       $unwind$__acrt_locale_free_lc_time_if_unreferenced 00000001400174c0     libucrt:locale_refcounting.obj
 0002:000084c8       $unwind$?construct_ptd_array@@YAXQEAU__acrt_ptd@@@Z 00000001400174c8     libucrt:per_thread_data.obj
 0002:000084d0       $unwind$?destroy_ptd_array@@YAXQEAU__acrt_ptd@@@Z 00000001400174d0     libucrt:per_thread_data.obj
 0002:000084d8       $unwind$??$?RV<lambda_0ae27a3a962d80f24befdcbee591983d>@@AEAV<lambda_8d0ee55de4b1038c4002e0adecdf1839>@@V<lambda_dc504788e8f1664fe9b84e20bfb512f2>@@@?$__crt_seh_guarded_call@X@@QEAAX$$QEAV<lambda_0ae27a3a962d80f24befdcbee591983d>@@AEAV<lambda_8d0ee55de4b1038c4002e0adecdf1839>@@$$QEAV<lambda_dc504788e8f1664fe9b84e20bfb512f2>@@@Z 00000001400174d8     libucrt:per_thread_data.obj
 0002:000084fc       $unwind$??$?RV<lambda_aa87e3671a710a21b5dc78c0bdf72e11>@@AEAV<lambda_92619d2358a28f41a33ba319515a20b9>@@V<lambda_6992ecaafeb10aed2b74cb1fae11a551>@@@?$__crt_seh_guarded_call@X@@QEAAX$$QEAV<lambda_aa87e3671a710a21b5dc78c0bdf72e11>@@AEAV<lambda_92619d2358a28f41a33ba319515a20b9>@@$$QEAV<lambda_6992ecaafeb10aed2b74cb1fae11a551>@@@Z 00000001400174fc     libucrt:per_thread_data.obj
 0002:00008520       $unwind$??$?RV<lambda_f2e299630e499de9f9a165e60fcd3db5>@@AEAV<lambda_2ae9d31cdba2644fcbeaf08da7c24588>@@V<lambda_40d01ff24d0e7b3814fdbdcee8eab3c7>@@@?$__crt_seh_guarded_call@X@@QEAAX$$QEAV<lambda_f2e299630e499de9f9a165e60fcd3db5>@@AEAV<lambda_2ae9d31cdba2644fcbeaf08da7c24588>@@$$QEAV<lambda_40d01ff24d0e7b3814fdbdcee8eab3c7>@@@Z 0000000140017520     libucrt:per_thread_data.obj
 0002:00008544       $unwind$??$?RV<lambda_2d41944a1d46af3157314b8a01080d33>@@AEAV<lambda_8f455de75cd7d7f24b4096f044d8b9e6>@@V<lambda_aa500f224e6afead328df44964fe2772>@@@?$__crt_seh_guarded_call@X@@QEAAX$$QEAV<lambda_2d41944a1d46af3157314b8a01080d33>@@AEAV<lambda_8f455de75cd7d7f24b4096f044d8b9e6>@@$$QEAV<lambda_aa500f224e6afead328df44964fe2772>@@@Z 0000000140017544     libucrt:per_thread_data.obj
 0002:00008568       $unwind$_invalid_parameter_noinfo 0000000140017568     libucrt:invalid_parameter.obj
 0002:00008568       $unwind$_log10_special     0000000140017568     libucrt:log_special.obj
 0002:00008570       $unwind$__acrt_call_reportfault 0000000140017570     libucrt:invalid_parameter.obj
 0002:00008590       $unwind$_invalid_parameter 0000000140017590     libucrt:invalid_parameter.obj
 0002:000085a4       $unwind$??$__acrt_mbs_to_wcs_cp@U__crt_win32_buffer_internal_dynamic_resizing@@@@YAHQEBDAEAV?$__crt_win32_buffer@_WU__crt_win32_buffer_internal_dynamic_resizing@@@@I@Z 00000001400175a4     libucrt:argv_wildcards.obj
 0002:000085bc       $unwind$__dcrt_get_narrow_environment_from_os 00000001400175bc     libucrt:get_environment_from_os.obj
 0002:000085bc       $unwind$??$__acrt_wcs_to_mbs_cp@U__crt_win32_buffer_internal_dynamic_resizing@@@@YAHQEB_WAEAV?$__crt_win32_buffer@DU__crt_win32_buffer_internal_dynamic_resizing@@@@I@Z 00000001400175bc     libucrt:argv_wildcards.obj
 0002:000085d4       $unwind$??$common_expand_argv_wildcards@D@@YAHQEAPEADQEAPEAPEAD@Z 00000001400175d4     libucrt:argv_wildcards.obj
 0002:000085ec       $unwind$??$copy_and_add_argument_to_buffer@D@@YAHQEBD0_KAEAV?$argument_list@D@?A0x5f5c8891@@@Z 00000001400175ec     libucrt:argv_wildcards.obj
 0002:00008608       $unwind$??$expand_argument_wildcards@D@@YAHQEAD0AEAV?$argument_list@D@?A0x5f5c8891@@@Z 0000000140017608     libucrt:argv_wildcards.obj
 0002:0000862c       $unwind$__acrt_GetModuleFileNameA 000000014001762c     libucrt:getmodulefilenamea.obj
 0002:00008648       $unwind$__dcrt_write_console 0000000140017648     libucrt:initcon.obj
 0002:00008648       $unwind$??$__acrt_wcs_to_mbs_cp@U__crt_win32_buffer_no_resizing@@@@YAHQEB_WAEAV?$__crt_win32_buffer@DU__crt_win32_buffer_no_resizing@@@@I@Z 0000000140017648     libucrt:getmodulefilenamea.obj
 0002:0000865c       $unwind$_setmbcp_nolock    000000014001765c     libucrt:mbctype.obj
 0002:0000867c       $unwind$__dcrt_lowio_ensure_console_output_initialized 000000014001767c     libucrt:initcon.obj
 0002:0000867c       $unwind$_isleadbyte_l      000000014001767c     libucrt:_wctype.obj
 0002:0000867c       $unwind$?getSystemCP@@YAHH@Z 000000014001767c     libucrt:mbctype.obj
 0002:00008684       $unwind$?update_thread_multibyte_data_internal@@YAPEAU__crt_multibyte_data@@QEAU__acrt_ptd@@QEAPEAU1@@Z 0000000140017684     libucrt:mbctype.obj
 0002:000086ac       $unwind$?setmbcp_internal@@YAHH_NQEAU__acrt_ptd@@QEAPEAU__crt_multibyte_data@@@Z 00000001400176ac     libucrt:mbctype.obj
 0002:000086bc       $unwind$?setSBUpLow@@YAXPEAU__crt_multibyte_data@@@Z 00000001400176bc     libucrt:mbctype.obj
 0002:000086d8       $unwind$??$?RV<lambda_efdfa57d1f175319df784efa44bb7b81>@@AEAV<lambda_5f0a4c1567f8adc6734073e5d1e1b35c>@@V<lambda_2e8a7d3640ea6ccb4c2413664c2db6fd>@@@?$__crt_seh_guarded_call@X@@QEAAX$$QEAV<lambda_efdfa57d1f175319df784efa44bb7b81>@@AEAV<lambda_5f0a4c1567f8adc6734073e5d1e1b35c>@@$$QEAV<lambda_2e8a7d3640ea6ccb4c2413664c2db6fd>@@@Z 00000001400176d8     libucrt:mbctype.obj
 0002:000086fc       $unwind$?x_ismbbtype_l@@YAHPEAU__crt_locale_pointers@@IHH@Z 00000001400176fc     libucrt:ismbbyte.obj
 0002:0000870c       $unwind$_free_osfhnd       000000014001770c     libucrt:osfinfo.obj
 0002:00008720       $unwind$__acrt_lowio_destroy_handle_array 0000000140017720     libucrt:osfinfo.obj
 0002:00008730       $unwind$__acrt_lowio_ensure_fh_exists 0000000140017730     libucrt:osfinfo.obj
 0002:0000875c       $unwind$__acrt_initialize_lowio 000000014001775c     libucrt:ioinit.obj
 0002:0000877c       $unwind$?initialize_inherited_file_handles_nolock@@YAXXZ 000000014001777c     libucrt:ioinit.obj
 0002:00008798       $unwind$?initialize_stdio_handles_nolock@@YAXXZ 0000000140017798     libucrt:ioinit.obj
 0002:00008798       $unwind$__acrt_initialize_stdio 0000000140017798     libucrt:_file.obj
 0002:000087b0       $unwind$__acrt_locale_free_monetary 00000001400177b0     libucrt:initmon.obj
 0002:000087b8       $unwind$__acrt_locale_free_time 00000001400177b8     libucrt:inittime.obj
 0002:000087c8       $unwind$__acrt_GetStringTypeA 00000001400177c8     libucrt:getstringtypea.obj
 0002:000087f0       $unwind$__acrt_update_thread_locale_data 00000001400177f0     libucrt:locale_refcounting.obj
 0002:00008814       $unwind$__acrt_initialize_winapi_thunks 0000000140017814     libucrt:winapi_thunks.obj
 0002:0000881c       $unwind$_mbtowc_l          000000014001781c     libucrt:mbtowc.obj
 0002:0000881c       $unwind$__acrt_LCMapStringEx 000000014001781c     libucrt:winapi_thunks.obj
 0002:00008830       $unwind$_query_new_handler 0000000140017830     libucrt:new_handler.obj
 0002:00008850       $unwind$raise              0000000140017850     libucrt:signal.obj
 0002:0000888c       $unwind$??$?RV<lambda_450d765d439847d4c735a33c368b5fc0>@@AEAV<lambda_44731a7d0e6d81c3e6aa82d741081786>@@V<lambda_601a2a7da3b7a96e9554ac7215c4b07c>@@@?$__crt_seh_guarded_call@P6AXH@Z@@QEAAP6AXH@Z$$QEAV<lambda_450d765d439847d4c735a33c368b5fc0>@@AEAV<lambda_44731a7d0e6d81c3e6aa82d741081786>@@$$QEAV<lambda_601a2a7da3b7a96e9554ac7215c4b07c>@@@Z 000000014001788c     libucrt:signal.obj
 0002:000088b0       $unwind$?common_flush_all@@YAH_N@Z 00000001400178b0     libucrt:fflush.obj
 0002:000088b8       $unwind$??$?RV<lambda_842d9ff0dc9ef11c61343bbaebe7f885>@@AEAV<lambda_c5860995281e5c4ce005b3de8f5874ee>@@V<lambda_d90129c13df834fdcbf8d2b88dafcf2d>@@@?$__crt_seh_guarded_call@X@@QEAAX$$QEAV<lambda_842d9ff0dc9ef11c61343bbaebe7f885>@@AEAV<lambda_c5860995281e5c4ce005b3de8f5874ee>@@$$QEAV<lambda_d90129c13df834fdcbf8d2b88dafcf2d>@@@Z 00000001400178b8     libucrt:fflush.obj
 0002:000088dc       $unwind$??$?RV<lambda_886d6c58226a84441f68b9f2b8217b83>@@AEAV<lambda_ab61a845afdef5b7c387490eaf3616ee>@@V<lambda_f7f22ab5edc0698d5f6905b0d3f44752>@@@?$__crt_seh_guarded_call@X@@QEAAX$$QEAV<lambda_886d6c58226a84441f68b9f2b8217b83>@@AEAV<lambda_ab61a845afdef5b7c387490eaf3616ee>@@$$QEAV<lambda_f7f22ab5edc0698d5f6905b0d3f44752>@@@Z 00000001400178dc     libucrt:fflush.obj
 0002:00008904       $unwind$_call_matherr      0000000140017904     libucrt:libm_error.obj
 0002:0000890c       $unwind$_handle_error      000000014001790c     libucrt:libm_error.obj
 0002:0000890c       $unwind$_handle_errorf     000000014001790c     libucrt:libm_error.obj
 0002:0000892c       $unwind$qsort              000000014001792c     libucrt:qsort.obj
 0002:00008944       $chain$4$qsort             0000000140017944     libucrt:qsort.obj
 0002:00008968       $chain$5$qsort             0000000140017968     libucrt:qsort.obj
 0002:00008978       $unwind$strpbrk            0000000140017978     libucrt:strpbrk.obj
 0002:00008988       $unwind$fallbackMethod     0000000140017988     libucrt:strpbrk.obj
 0002:00008998       $unwind$_mbsdec_l          0000000140017998     libucrt:mbsdec.obj
 0002:000089a4       $unwind$__acrt_LCMapStringA 00000001400179a4     libucrt:lcmapstringa.obj
 0002:000089b4       $unwind$?__acrt_LCMapStringA_stat@@YAHPEAU__crt_locale_pointers@@PEB_WKPEBDHPEADHHH@Z 00000001400179b4     libucrt:lcmapstringa.obj
 0002:000089dc       $unwind$?GetTableIndexFromLocaleName@@YAHPEB_W@Z 00000001400179dc     libucrt:lcidtoname_downlevel.obj
 0002:000089f4       $unwind$_close             00000001400179f4     libucrt:close.obj
 0002:000089f4       $unwind$_commit            00000001400179f4     libucrt:commit.obj
 0002:000089fc       $unwind$??$?RV<lambda_a37b2b86f63e897a80ea819b0eb08c01>@@AEAV<lambda_38ce7e780aa69e748d6df282ebc68efe>@@V<lambda_99fb1378e971ab6e7edea83e3a7a83a2>@@@?$__crt_seh_guarded_call@H@@QEAAH$$QEAV<lambda_a37b2b86f63e897a80ea819b0eb08c01>@@AEAV<lambda_38ce7e780aa69e748d6df282ebc68efe>@@$$QEAV<lambda_99fb1378e971ab6e7edea83e3a7a83a2>@@@Z 00000001400179fc     libucrt:commit.obj
 0002:00008a20       $unwind$_write             0000000140017a20     libucrt:write.obj
 0002:00008a50       $unwind$_write_nolock      0000000140017a50     libucrt:write.obj
 0002:00008a68       $unwind$?write_double_translated_ansi_nolock@@YA?AUwrite_result@?A0x17268360@@HQEBDI@Z 0000000140017a68     libucrt:write.obj
 0002:00008a8c       $unwind$?write_text_ansi_nolock@@YA?AUwrite_result@?A0x17268360@@HQEBDI@Z 0000000140017a8c     libucrt:write.obj
 0002:00008a8c       $unwind$?write_text_utf16le_nolock@@YA?AUwrite_result@?A0x17268360@@HQEBDI@Z 0000000140017a8c     libucrt:write.obj
 0002:00008aac       $unwind$?write_text_utf8_nolock@@YA?AUwrite_result@?A0x17268360@@HQEBDI@Z 0000000140017aac     libucrt:write.obj
 0002:00008ad0       $unwind$_fcloseall         0000000140017ad0     libucrt:closeall.obj
 0002:00008af4       $unwind$?__mbrtowc_utf8@__crt_mbstring@@YA_KPEA_WPEBD_KPEAU_Mbstatet@@@Z 0000000140017af4     libucrt:mbrtowc.obj
 0002:00008afc       $unwind$?__mbsrtowcs_utf8@__crt_mbstring@@YA_KPEA_WPEAPEBD_KPEAU_Mbstatet@@@Z 0000000140017afc     libucrt:mbrtowc.obj
 0002:00008b14       $unwind$_raise_exc         0000000140017b14     libucrt:fpexcept.obj
 0002:00008b14       $unwind$_raise_excf        0000000140017b14     libucrt:fpexcept.obj
 0002:00008b1c       $unwind$_raise_exc_ex      0000000140017b1c     libucrt:fpexcept.obj
 0002:00008b30       $unwind$_ctrlfp            0000000140017b30     libucrt:fpctrl.obj
 0002:00008b58       $unwind$_putwch_nolock     0000000140017b58     libucrt:putwch.obj
 0002:00008b60       $unwind$fclose             0000000140017b60     libucrt:fclose.obj
 0002:00008b84       $unwind$?__mbrtoc32_utf8@__crt_mbstring@@YA_KPEA_UPEBD_KPEAU_Mbstatet@@@Z 0000000140017b84     libucrt:mbrtoc32.obj
 0002:00008ba0       $xdatasym                  0000000140017ba0     libucrt:log10.obj
 0002:00008bb0       $xdatasym                  0000000140017bb0     libucrt:fpsr.obj
 0002:00008bb8       $unwind$??$?RV<lambda_751a882b2c74d4b022dec766aa51a29a>@@AEAV<lambda_628dfdc04ba53c8bfc02c9951375f3f5>@@V<lambda_f6c7be5f7998530c34de24c7437d6b54>@@@?$__crt_seh_guarded_call@H@@QEAAH$$QEAV<lambda_751a882b2c74d4b022dec766aa51a29a>@@AEAV<lambda_628dfdc04ba53c8bfc02c9951375f3f5>@@$$QEAV<lambda_f6c7be5f7998530c34de24c7437d6b54>@@@Z 0000000140017bb8     libucrt:close.obj
 0002:00008bdc       $unwind$_log_special_common 0000000140017bdc     libucrt:log_special.obj
 0002:00008be8       $unwind$_IsNonwritableInCurrentImage 0000000140017be8     LIBCMT:pesect.obj
 0002:00008c10       $xdatasym                  0000000140017c10     LIBCMT:chkstk.obj
 0002:00008c18       $xdatasym                  0000000140017c18     libvcruntime:memcmp.obj
 0002:00008fc8       .idata$6                   0000000140017fc8     user32:USER32.dll
 0002:00008fe4       .idata$6                   0000000140017fe4     Gdi32:GDI32.dll
 0002:00009214       .idata$6                   0000000140018214     kernel32:KERNEL32.dll
 0003:00000000       ?XInputGetState_@@3P6AKKPEAU_XINPUT_STATE@@@ZEA 0000000140019000     win32_handmade.obj
 0003:00000008       ?XInputSetState_@@3P6AKKPEAU_XINPUT_VIBRATION@@@ZEA 0000000140019008     win32_handmade.obj
 0003:00000050       ?__vcrt_flsindex@@3KA      0000000140019050     libvcruntime:per_thread_data.obj
 0003:00000070       ?__acrt_flsindex@@3KA      0000000140019070     libucrt:per_thread_data.obj
 0003:00000074       ?errno_no_memory@@3HA      0000000140019074     libucrt:errno.obj
 0003:00000078       ?doserrno_no_memory@@3KA   0000000140019078     libucrt:errno.obj
 0003:00000080       _mbctypes                  0000000140019080     libucrt:mbctype.obj
 0003:00000190       _mbcasemaps                0000000140019190     libucrt:mbctype.obj
 0003:00000290       ?__rgctypeflag@@3PADA      0000000140019290     libucrt:mbctype.obj
 0003:000002a0       ?__rgcode_page_info@@3PAUcode_page_info@@A 00000001400192a0     libucrt:mbctype.obj
 0003:000008e8       ?dazSupported@?1??_ctrlfp@@9@9 00000001400198e8     libucrt:fpctrl.obj
 0003:000009f0       ?__dcrt_lowio_console_output_handle@@3PEAXEA 00000001400199f0     libucrt:initcon.obj
 0003:00000a00       ?tSine@?1??GameOutputSound@@YAXPEAUgame_sound_output_buffer@@H@Z@4MA 0000000140019a00     win32_handmade.obj
 0003:00000a10       ?GlobalRunning@@3HA        0000000140019a10     win32_handmade.obj
 0003:00000a20       ?GlobalBackbuffer@@3Uwin32_offscreen_buffer@@A 0000000140019a20     win32_handmade.obj
 0003:00000a68       ?GlobalSecondaryBuffer@@3PEAUIDirectSoundBuffer@@EA 0000000140019a68     win32_handmade.obj
 0003:00000a70       GS_ExceptionRecord         0000000140019a70     LIBCMT:gs_report.obj
 0003:00000b10       GS_ContextRecord           0000000140019b10     LIBCMT:gs_report.obj
 0003:00000ff0       ?is_initialized_as_dll@@3_NA 0000000140019ff0     LIBCMT:utility.obj
 0003:00000ff1       ?module_local_atexit_table_initialized@@3_NA 0000000140019ff1     LIBCMT:utility.obj
 0003:00000ff8       ?module_local_atexit_table@@3U_onexit_table_t@@A 0000000140019ff8     LIBCMT:utility.obj
 0003:00001010       ?module_local_at_quick_exit_table@@3U_onexit_table_t@@A 000000014001a010     LIBCMT:utility.obj
 0003:00001060       ?__vcrt_startup_thread_ptd@@3U__vcrt_ptd@@A 000000014001a060     libvcruntime:per_thread_data.obj
 0003:000010e0       __vcrt_lock_table          000000014001a0e0     libvcruntime:locks.obj
 0003:00001108       __vcrt_locks_initialized   000000014001a108     libvcruntime:locks.obj
 0003:00001150       ?heap@@3V_HeapManager@@A   000000014001a150     libvcruntime:undname.obj
 0003:00001178       ?module_handles@@3PAPEAUHINSTANCE__@@A 000000014001a178     libvcruntime:winapi_downlevel.obj
 0003:00001190       ?function_pointers@@3PAPEAXA 000000014001a190     libvcruntime:winapi_downlevel.obj
 0003:000011c0       ?__acrt_app_type@@3W4_crt_app_type@@A 000000014001a1c0     libucrt:report_runtime_error.obj
 0003:000011c8       ?user_matherr@@3V?$dual_state_global@P6AHPEAU_exception@@@Z@__crt_state_management@@A 000000014001a1c8     libucrt:matherr.obj
 0003:000011d0       ?program_name@?1???$common_configure_argv@D@@YAHW4_crt_argv_mode@@@Z@4PADA 000000014001a1d0     libucrt:argv_parsing.obj
 0003:000012f8       ?empty_string@?1???$common_wincmdln@E@@YAPEAEXZ@4PAEA 000000014001a2f8     libucrt:argv_winmain.obj
 0003:000012fc       ?c_termination_complete@@3JA 000000014001a2fc     libucrt:exit.obj
 0003:00001300       ?thread_local_exit_callback_func@@3P6AXPEAXK0@ZEA 000000014001a300     libucrt:exit.obj
 0003:00001310       ?__acrt_global_new_mode@@3V?$dual_state_global@J@__crt_state_management@@A 000000014001a310     libucrt:new_mode.obj
 0003:00001350       ?__acrt_invalid_parameter_handler@@3V?$dual_state_global@P6AXPEB_W00I_K@Z@__crt_state_management@@A 000000014001a350     libucrt:invalid_parameter.obj
 0003:00001370       ?fSystemSet@@3HA           000000014001a370     libucrt:mbctype.obj
 0003:00001374       ?initialized@?1??__acrt_initialize_multibyte@@9@4_NA 000000014001a374     libucrt:mbctype.obj
 0003:000013b0       ?__acrt_lock_table@@3PAU_RTL_CRITICAL_SECTION@@A 000000014001a3b0     libucrt:locks.obj
 0003:000015e0       ?__acrt_locks_initialized@@3IA 000000014001a5e0     libucrt:locks.obj
 0003:00001a00       ?module_handles@@3PAPEAUHINSTANCE__@@A 000000014001aa00     libucrt:winapi_thunks.obj
 0003:00001aa0       ?encoded_function_pointers@@3PAPEAXA 000000014001aaa0     libucrt:winapi_thunks.obj
 0003:00001bc0       ?__acrt_new_handler@@3V?$dual_state_global@P6AH_K@Z@__crt_state_management@@A 000000014001abc0     libucrt:new_handler.obj
 0003:00001bc8       ?ctrlc_action@@3V?$dual_state_global@P6AXH@Z@__crt_state_management@@A 000000014001abc8     libucrt:signal.obj
 0003:00001bd0       ?ctrlbreak_action@@3V?$dual_state_global@P6AXH@Z@__crt_state_management@@A 000000014001abd0     libucrt:signal.obj
 0003:00001bd8       ?abort_action@@3V?$dual_state_global@P6AXH@Z@__crt_state_management@@A 000000014001abd8     libucrt:signal.obj
 0003:00001be0       ?term_action@@3V?$dual_state_global@P6AXH@Z@__crt_state_management@@A 000000014001abe0     libucrt:signal.obj
 0003:00001c08       ?internal_state@?1??_mbtowc_l@@9@4U_Mbstatet@@A 000000014001ac08     libucrt:mbtowc.obj
 0003:00001c10       ?internal_pst@?1??__mbrtoc32_utf8@__crt_mbstring@@YA_KPEA_UPEBD_KPEAU_Mbstatet@@@Z@4U3@A 000000014001ac10     libucrt:mbrtoc32.obj
 0005:00000000       MsetTab                    000000014001c000     libvcruntime:memset.obj
 0005:00000050       MoveSmall                  000000014001c050     libvcruntime:memcpy.obj
